Component: ARM Compiler 5.06 update 6 (build 750) Tool: armlink [4d35ed]

==============================================================================

Section Cross References

    main.o(i.LCD_ShowInfo) refers to lcd.o(i.LCD_ShowString) for LCD_ShowString
    main.o(i.LCD_ShowInfo) refers to strlen.o(.text) for strlen
    main.o(i.LCD_ShowInfo) refers to lcd.o(i.LCD_ShowxNum) for LCD_ShowxNum
    main.o(i.SystemClock_Config) refers to rt_memclr_w.o(.text) for __aeabi_memclr4
    main.o(i.SystemClock_Config) refers to stm32f4xx_hal_rcc.o(i.HAL_RCC_OscConfig) for HAL_RCC_OscConfig
    main.o(i.SystemClock_Config) refers to main.o(i.Error_Handler) for Error_Handler
    main.o(i.SystemClock_Config) refers to stm32f4xx_hal_rcc.o(i.HAL_RCC_ClockConfig) for HAL_RCC_ClockConfig
    main.o(i.main) refers to stm32f4xx_hal.o(i.HAL_Init) for HAL_Init
    main.o(i.main) refers to main.o(i.SystemClock_Config) for SystemClock_Config
    main.o(i.main) refers to usart.o(i.uart_init) for uart_init
    main.o(i.main) refers to delay.o(i.delay_init) for delay_init
    main.o(i.main) refers to delay.o(i.delay_ms) for delay_ms
    main.o(i.main) refers to lcd.o(i.LCD_Init) for LCD_Init
    main.o(i.main) refers to lcd.o(i.LCD_Clear) for LCD_Clear
    main.o(i.main) refers to menu.o(i.Key_Init) for Key_Init
    main.o(i.main) refers to sram.o(i.SRAM_Init) for SRAM_Init
    main.o(i.main) refers to w25qxx.o(i.W25QXX_Init) for W25QXX_Init
    main.o(i.main) refers to wm8978.o(i.WM8978_Init) for WM8978_Init
    main.o(i.main) refers to wm8978.o(i.WM8978_I2S_Cfg) for WM8978_I2S_Cfg
    main.o(i.main) refers to wm8978.o(i.WM8978_HPvol_Set) for WM8978_HPvol_Set
    main.o(i.main) refers to wm8978.o(i.WM8978_SPKvol_Set) for WM8978_SPKvol_Set
    main.o(i.main) refers to malloc.o(i.my_mem_init) for my_mem_init
    main.o(i.main) refers to exfuns.o(i.exfuns_init) for exfuns_init
    main.o(i.main) refers to ff.o(i.f_mount) for f_mount
    main.o(i.main) refers to rtc.o(i.RTC_Init) for RTC_Init
    main.o(i.main) refers to beep.o(i.BEEP_Init) for BEEP_Init
    main.o(i.main) refers to adc.o(i.Init_ADC) for Init_ADC
    main.o(i.main) refers to adc.o(i.LCD_Backlight_Init) for LCD_Backlight_Init
    main.o(i.main) refers to eeprom.o(i.EEPROM_Init) for EEPROM_Init
    main.o(i.main) refers to dac_wave.o(i.DAC_Wave_Init) for DAC_Wave_Init
    main.o(i.main) refers to common.o(i.atk_rm04_init) for atk_rm04_init
    main.o(i.main) refers to beep.o(i.Alarm_BEEP_Task) for Alarm_BEEP_Task
    main.o(i.main) refers to menu.o(i.Menu_Update) for Menu_Update
    main.o(i.main) refers to voice.o(i.Clock_Voice) for Clock_Voice
    main.o(i.main) refers to wavplay.o(i.wav_play_poll) for wav_play_poll
    main.o(i.main) refers to usmart_config.o(.data) for usmart_dev
    main.o(i.main) refers to exfuns.o(.data) for fs
    stm32f4xx_it.o(i.EXTI0_IRQHandler) refers to stm32f4xx_hal_gpio.o(i.HAL_GPIO_EXTI_IRQHandler) for HAL_GPIO_EXTI_IRQHandler
    stm32f4xx_it.o(i.EXTI2_IRQHandler) refers to stm32f4xx_hal_gpio.o(i.HAL_GPIO_EXTI_IRQHandler) for HAL_GPIO_EXTI_IRQHandler
    stm32f4xx_it.o(i.EXTI3_IRQHandler) refers to stm32f4xx_hal_gpio.o(i.HAL_GPIO_EXTI_IRQHandler) for HAL_GPIO_EXTI_IRQHandler
    stm32f4xx_it.o(i.EXTI4_IRQHandler) refers to stm32f4xx_hal_gpio.o(i.HAL_GPIO_EXTI_IRQHandler) for HAL_GPIO_EXTI_IRQHandler
    stm32f4xx_it.o(i.RTC_Alarm_IRQHandler) refers to stm32f4xx_hal_rtc.o(i.HAL_RTC_AlarmIRQHandler) for HAL_RTC_AlarmIRQHandler
    stm32f4xx_it.o(i.RTC_Alarm_IRQHandler) refers to rtc.o(.bss) for RTC_Handler
    stm32f4xx_it.o(i.SysTick_Handler) refers to stm32f4xx_hal.o(i.HAL_IncTick) for HAL_IncTick
    rtc.o(i.HAL_RTCEx_AlarmBEventCallback) refers to stm32f4xx_hal_rtc.o(i.HAL_RTC_GetTime) for HAL_RTC_GetTime
    rtc.o(i.HAL_RTCEx_AlarmBEventCallback) refers to stm32f4xx_hal_rtc.o(i.HAL_RTC_GetDate) for HAL_RTC_GetDate
    rtc.o(i.HAL_RTCEx_AlarmBEventCallback) refers to beep.o(i.BEEP_On) for BEEP_On
    rtc.o(i.HAL_RTCEx_AlarmBEventCallback) refers to lcd.o(i.LCD_ShowString) for LCD_ShowString
    rtc.o(i.HAL_RTCEx_AlarmBEventCallback) refers to rtc.o(.data) for beep_start_time
    rtc.o(i.HAL_RTCEx_AlarmBEventCallback) refers to lcd.o(.bss) for lcddev
    rtc.o(i.HAL_RTC_AlarmAEventCallback) refers to stm32f4xx_hal_rtc.o(i.HAL_RTC_GetTime) for HAL_RTC_GetTime
    rtc.o(i.HAL_RTC_AlarmAEventCallback) refers to stm32f4xx_hal_rtc.o(i.HAL_RTC_GetDate) for HAL_RTC_GetDate
    rtc.o(i.HAL_RTC_AlarmAEventCallback) refers to beep.o(i.BEEP_On) for BEEP_On
    rtc.o(i.HAL_RTC_AlarmAEventCallback) refers to lcd.o(i.LCD_ShowString) for LCD_ShowString
    rtc.o(i.HAL_RTC_AlarmAEventCallback) refers to rtc.o(.data) for beep_start_time
    rtc.o(i.HAL_RTC_AlarmAEventCallback) refers to lcd.o(.bss) for lcddev
    rtc.o(i.LCD_RCT_Show) refers to _printf_pad.o(.text) for _printf_pre_padding
    rtc.o(i.LCD_RCT_Show) refers to _printf_percent.o(.ARM.Collect$$_printf_percent$$00000000) for _printf_percent
[...]
    0x080002f2   0x080002f2   0x00000000   Code   RO         8944    .ARM.Collect$$libinit$$0000002E  c_w.l(libinit2.o)
    0x080002f2   0x080002f2   0x00000000   Code   RO         8946    .ARM.Collect$$libinit$$00000030  c_w.l(libinit2.o)
    0x080002f2   0x080002f2   0x00000000   Code   RO         8948    .ARM.Collect$$libinit$$00000032  c_w.l(libinit2.o)
    0x080002f2   0x080002f2   0x00000002   Code   RO         8949    .ARM.Collect$$libinit$$00000033  c_w.l(libinit2.o)
    0x080002f4   0x080002f4   0x00000002   Code   RO         9168    .ARM.Collect$$libshutdown$$00000000  c_w.l(libshutdown.o)
    0x080002f6   0x080002f6   0x00000000   Code   RO         9184    .ARM.Collect$$libshutdown$$00000002  c_w.l(libshutdown2.o)
    0x080002f6   0x080002f6   0x00000000   Code   RO         9186    .ARM.Collect$$libshutdown$$00000004  c_w.l(libshutdown2.o)
    0x080002f6   0x080002f6   0x00000000   Code   RO         9189    .ARM.Collect$$libshutdown$$00000007  c_w.l(libshutdown2.o)
    0x080002f6   0x080002f6   0x00000000   Code   RO         9192    .ARM.Collect$$libshutdown$$0000000A  c_w.l(libshutdown2.o)
    0x080002f6   0x080002f6   0x00000000   Code   RO         9194    .ARM.Collect$$libshutdown$$0000000C  c_w.l(libshutdown2.o)
    0x080002f6   0x080002f6   0x00000000   Code   RO         9197    .ARM.Collect$$libshutdown$$0000000F  c_w.l(libshutdown2.o)
    0x080002f6   0x080002f6   0x00000002   Code   RO         9198    .ARM.Collect$$libshutdown$$00000010  c_w.l(libshutdown2.o)
    0x080002f8   0x080002f8   0x00000000   Code   RO         8845    .ARM.Collect$$rtentry$$00000000  c_w.l(__rtentry.o)
    0x080002f8   0x080002f8   0x00000000   Code   RO         9015    .ARM.Collect$$rtentry$$00000002  c_w.l(__rtentry2.o)
    0x080002f8   0x080002f8   0x00000006   Code   RO         9027    .ARM.Collect$$rtentry$$00000004  c_w.l(__rtentry4.o)
    0x080002fe   0x080002fe   0x00000000   Code   RO         9017    .ARM.Collect$$rtentry$$00000009  c_w.l(__rtentry2.o)
    0x080002fe   0x080002fe   0x00000004   Code   RO         9018    .ARM.Collect$$rtentry$$0000000A  c_w.l(__rtentry2.o)
    0x08000302   0x08000302   0x00000000   Code   RO         9020    .ARM.Collect$$rtentry$$0000000C  c_w.l(__rtentry2.o)
    0x08000302   0x08000302   0x00000008   Code   RO         9021    .ARM.Collect$$rtentry$$0000000D  c_w.l(__rtentry2.o)
    0x0800030a   0x0800030a   0x00000002   Code   RO         9133    .ARM.Collect$$rtexit$$00000000  c_w.l(rtexit.o)
    0x0800030c   0x0800030c   0x00000000   Code   RO         9152    .ARM.Collect$$rtexit$$00000002  c_w.l(rtexit2.o)
    0x0800030c   0x0800030c   0x00000004   Code   RO         9153    .ARM.Collect$$rtexit$$00000003  c_w.l(rtexit2.o)
    0x08000310   0x08000310   0x00000006   Code   RO         9154    .ARM.Collect$$rtexit$$00000004  c_w.l(rtexit2.o)
    0x08000316   0x08000316   0x00000002   PAD
    0x08000318   0x08000318   0x00000010   Code   RO         1318    .emb_text           sys.o
    0x08000328   0x08000328   0x00000034   Code   RO         8756    .emb_text           c_w.l(rand.o)
    0x0800035c   0x0800035c   0x00000040   Code   RO         8552    .text               startup_stm32f407xx.o
    0x0800039c   0x0800039c   0x00000002   Code   RO         8679    .text               c_w.l(use_no_semi_2.o)
    0x0800039e   0x0800039e   0x000000ee   Code   RO         8681    .text               c_w.l(lludivv7m.o)
    0x0800048c   0x0800048c   0x00000034   Code   RO         8683    .text               c_w.l(vsnprintf.o)
    0x080004c0   0x080004c0   0x00000018   Code   RO         8685    .text               c_w.l(__2printf.o)
    0x080004d8   0x080004d8   0x0000002c   Code   RO         8687    .text               c_w.l(__2sprintf.o)
    0x08000504   0x08000504   0x0000004e   Code   RO         8695    .text               c_w.l(_printf_pad.o)
    0x08000552   0x08000552   0x00000052   Code   RO         8697    .text               c_w.l(_printf_str.o)
    0x080005a4   0x080005a4   0x00000078   Code   RO         8699    .text               c_w.l(_printf_dec.o)
    0x0800061c   0x0800061c   0x0000007c   Code   RO         8701    .text               c_w.l(_printf_longlong_dec.o)
    0x08000698   0x08000698   0x00000094   Code   RO         8721    .text               c_w.l(_printf_hex_int_ll_ptr.o)
    0x0800072c   0x0800072c   0x00000188   Code   RO         8741    .text               c_w.l(__printf_flags_ss_wp.o)
    0x080008b4   0x080008b4   0x0000003c   Code   RO         8752    .text               c_w.l(__0sscanf.o)
    0x080008f0   0x080008f0   0x0000014c   Code   RO         8754    .text               c_w.l(_scanf_int.o)
    0x08000a3c   0x08000a3c   0x0000003c   Code   RO         8757    .text               c_w.l(rand.o)
    0x08000a78   0x08000a78   0x00000024   Code   RO         8761    .text               c_w.l(strstr.o)
    0x08000a9c   0x08000a9c   0x00000048   Code   RO         8763    .text               c_w.l(strcpy.o)
    0x08000ae4   0x08000ae4   0x0000003e   Code   RO         8765    .text               c_w.l(strlen.o)
    0x08000b22   0x08000b22   0x0000008a   Code   RO         8769    .text               c_w.l(rt_memcpy_v6.o)
    0x08000bac   0x08000bac   0x0000004e   Code   RO         8771    .text               c_w.l(rt_memclr_w.o)
    0x08000bfa   0x08000bfa   0x00000002   PAD
    0x08000bfc   0x08000bfc   0x00000080   Code   RO         8773    .text               c_w.l(strcmpv7m.o)
    0x08000c7c   0x08000c7c   0x00000006   Code   RO         8775    .text               c_w.l(heapauxi.o)
    0x08000c82   0x08000c82   0x00000002   Code   RO         8843    .text               c_w.l(use_no_semi.o)
    0x08000c84   0x08000c84   0x0000008a   Code   RO         8850    .text               c_w.l(lludiv10.o)
    0x08000d0e   0x08000d0e   0x00000016   Code   RO         8852    .text               c_w.l(_rserrno.o)
    0x08000d24   0x08000d24   0x00000024   Code   RO         8854    .text               c_w.l(_printf_truncate.o)
    0x08000d48   0x08000d48   0x000000b2   Code   RO         8856    .text               c_w.l(_printf_intcommon.o)
    0x08000dfa   0x08000dfa   0x00000028   Code   RO         8858    .text               c_w.l(_printf_charcount.o)
    0x08000e22   0x08000e22   0x0000041e   Code   RO         8860    .text               c_w.l(_printf_fp_dec.o)
    0x08001240   0x08001240   0x00000030   Code   RO         8862    .text               c_w.l(_printf_char_common.o)
    0x08001270   0x08001270   0x0000000a   Code   RO         8864    .text               c_w.l(_sputc.o)
    0x0800127a   0x0800127a   0x00000010   Code   RO         8866    .text               c_w.l(_snputc.o)
    0x0800128a   0x0800128a   0x0000002c   Code   RO         8868    .text               c_w.l(_printf_char.o)
    0x080012b6   0x080012b6   0x00000002   PAD
    0x080012b8   0x080012b8   0x00000024   Code   RO         8870    .text               c_w.l(_printf_char_file.o)
    0x080012dc   0x080012dc   0x000000bc   Code   RO         8872    .text               c_w.l(_printf_wctomb.o)
    0x08001398   0x08001398   0x00000070   Code   RO         8879    .text               c_w.l(_printf_oct_int_ll.o)
    0x08001408   0x08001408   0x0000001c   Code   RO         8897    .text               c_w.l(_chval.o)
    0x08001424   0x08001424   0x0000002c   Code   RO         8899    .text               c_w.l(scanf_char.o)
    0x08001450   0x08001450   0x00000040   Code   RO         8901    .text               c_w.l(_sgetc.o)
    0x08001490   0x08001490   0x00000064   Code   RO         8903    .text               c_w.l(rt_memcpy_w.o)
    0x080014f4   0x080014f4   0x00000008   Code   RO         9034    .text               c_w.l(rt_locale_intlibspace.o)
    0x080014fc   0x080014fc   0x00000008   Code   RO         9039    .text               c_w.l(rt_errno_addr_intlibspace.o)
    0x08001504   0x08001504   0x00000012   Code   RO         9041    .text               c_w.l(isspace.o)
    0x08001516   0x08001516   0x00000002   PAD
    0x08001518   0x08001518   0x000002fc   Code   RO         9043    .text               c_w.l(_printf_fp_hex.o)
    0x08001814   0x08001814   0x00000080   Code   RO         9046    .text               c_w.l(_printf_fp_infnan.o)
    0x08001894   0x08001894   0x0000002c   Code   RO         9050    .text               c_w.l(_printf_wchar.o)
    0x080018c0   0x080018c0   0x00000374   Code   RO         9052    .text               c_w.l(_scanf.o)
    0x08001c34   0x08001c34   0x000000e4   Code   RO         9054    .text               c_w.l(bigflt0.o)
    0x08001d18   0x08001d18   0x00000008   Code   RO         9079    .text               c_w.l(ferror.o)
    0x08001d20   0x08001d20   0x00000040   Code   RO         9083    .text               c_w.l(_wcrtomb.o)
    0x08001d60   0x08001d60   0x00000008   Code   RO         9108    .text               c_w.l(libspace.o)
    0x08001d68   0x08001d68   0x0000004a   Code   RO         9111    .text               c_w.l(sys_stackheap_outer.o)
    0x08001db2   0x08001db2   0x00000002   PAD
    0x08001db4   0x08001db4   0x00000010   Code   RO         9113    .text               c_w.l(rt_ctype_table.o)
    0x08001dc4   0x08001dc4   0x00000012   Code   RO         9115    .text               c_w.l(exit.o)
    0x08001dd6   0x08001dd6   0x0000003e   Code   RO         9057    CL$$btod_d2e        c_w.l(btod.o)
    0x08001e14   0x08001e14   0x00000046   Code   RO         9059    CL$$btod_d2e_denorm_low  c_w.l(btod.o)
    0x08001e5a   0x08001e5a   0x00000060   Code   RO         9058    CL$$btod_d2e_norm_op1  c_w.l(btod.o)
    0x08001eba   0x08001eba   0x00000338   Code   RO         9067    CL$$btod_div_common  c_w.l(btod.o)
    0x080021f2   0x080021f2   0x000000dc   Code   RO         9064    CL$$btod_e2e        c_w.l(btod.o)
    0x080022ce   0x080022ce   0x0000002a   Code   RO         9061    CL$$btod_ediv       c_w.l(btod.o)
    0x080022f8   0x080022f8   0x0000002a   Code   RO         9060    CL$$btod_emul       c_w.l(btod.o)
    0x08002322   0x08002322   0x00000244   Code   RO         9066    CL$$btod_mult_common  c_w.l(btod.o)
    0x08002566   0x08002566   0x00000002   PAD
    0x08002568   0x08002568   0x00000160   Code   RO         3697    i.ADC_Init          stm32f4xx_hal_adc.o
    0x080026c8   0x080026c8   0x00000098   Code   RO          931    i.Alarm_BEEP_Task   beep.o
    0x08002760   0x08002760   0x00000054   Code   RO          932    i.BEEP_Init         beep.o
    0x080027b4   0x080027b4   0x00000014   Code   RO          933    i.BEEP_Off          beep.o
    0x080027c8   0x080027c8   0x00000014   Code   RO          934    i.BEEP_On           beep.o
    0x080027dc   0x080027dc   0x00000004   Code   RO          313    i.BusFault_Handler  stm32f4xx_it.o
    0x080027e0   0x080027e0   0x00000088   Code   RO          891    i.Clock_Voice       voice.o
    0x08002868   0x08002868   0x00000012   Code   RO         4109    i.DAC_DMAConvCpltCh1  stm32f4xx_hal_dac.o
    0x0800287a   0x0800287a   0x00000012   Code   RO         4253    i.DAC_DMAConvCpltCh2  stm32f4xx_hal_dac_ex.o
    0x0800288c   0x0800288c   0x0000001a   Code   RO         4110    i.DAC_DMAErrorCh1   stm32f4xx_hal_dac.o
    0x080028a6   0x080028a6   0x0000001a   Code   RO         4254    i.DAC_DMAErrorCh2   stm32f4xx_hal_dac_ex.o
    0x080028c0   0x080028c0   0x0000000e   Code   RO         4111    i.DAC_DMAHalfConvCpltCh1  stm32f4xx_hal_dac.o
    0x080028ce   0x080028ce   0x0000000e   Code   RO         4255    i.DAC_DMAHalfConvCpltCh2  stm32f4xx_hal_dac_ex.o
    0x080028dc   0x080028dc   0x00000360   Code   RO         1030    i.DAC_Wave_Generate  dac_wave.o
    0x08002c3c   0x08002c3c   0x000001fc   Code   RO         1032    i.DAC_Wave_Init     dac_wave.o
    0x08002e38   0x08002e38   0x000000bc   Code   RO         1033    i.DAC_Wave_LoadFromEEPROM  dac_wave.o
    0x08002ef4   0x08002ef4   0x00000140   Code   RO         1034    i.DAC_Wave_ProcessKeyInput  dac_wave.o
    0x08003034   0x08003034   0x0000002c   Code   RO         1040    i.DAC_Wave_Start    dac_wave.o
    0x08003060   0x08003060   0x0000001c   Code   RO         1041    i.DAC_Wave_Stop     dac_wave.o
    0x0800307c   0x0800307c   0x000008ec   Code   RO         1042    i.DAC_Wave_UpdateDisplay  dac_wave.o
    0x08003968   0x08003968   0x000000b0   Code   RO         2413    i.DMA1_Stream4_IRQHandler  i2s.o
    0x08003a18   0x08003a18   0x00000034   Code   RO         4349    i.DMA_CalcBaseAndBitshift  stm32f4xx_hal_dma.o
    0x08003a4c   0x08003a4c   0x000000aa   Code   RO         4350    i.DMA_CheckFifoParam  stm32f4xx_hal_dma.o
    0x08003af6   0x08003af6   0x00000020   Code   RO         4455    i.DMA_MultiBufferSetConfig  stm32f4xx_hal_dma_ex.o
    0x08003b16   0x08003b16   0x0000002c   Code   RO         4351    i.DMA_SetConfig     stm32f4xx_hal_dma.o
    0x08003b42   0x08003b42   0x00000002   Code   RO          314    i.DebugMon_Handler  stm32f4xx_it.o
    0x08003b44   0x08003b44   0x00000002   Code   RO         1155    i.EEPROM_Init       eeprom.o
    0x08003b46   0x08003b46   0x00000002   PAD
    0x08003b48   0x08003b48   0x00000020   Code   RO         1156    i.EEPROM_ReadBytes  eeprom.o
    0x08003b68   0x08003b68   0x0000000a   Code   RO          315    i.EXTI0_IRQHandler  stm32f4xx_it.o
    0x08003b72   0x08003b72   0x0000000a   Code   RO          316    i.EXTI2_IRQHandler  stm32f4xx_it.o
    0x08003b7c   0x08003b7c   0x0000000a   Code   RO          317    i.EXTI3_IRQHandler  stm32f4xx_it.o
    0x08003b86   0x08003b86   0x0000000a   Code   RO          318    i.EXTI4_IRQHandler  stm32f4xx_it.o
    0x08003b90   0x08003b90   0x00000006   Code   RO            4    i.Error_Handler     main.o
    0x08003b96   0x08003b96   0x00000002   PAD
    0x08003b98   0x08003b98   0x00000048   Code   RO         8116    i.FSMC_NORSRAM_Extended_Timing_Init  stm32f4xx_ll_fsmc.o
    0x08003be0   0x08003be0   0x0000005c   Code   RO         8117    i.FSMC_NORSRAM_Init  stm32f4xx_ll_fsmc.o
    0x08003c3c   0x08003c3c   0x00000044   Code   RO         8118    i.FSMC_NORSRAM_Timing_Init  stm32f4xx_ll_fsmc.o
    0x08003c80   0x08003c80   0x000000e0   Code   RO         3177    i.Get_HzMat         text.o
    0x08003d60   0x08003d60   0x0000004a   Code   RO          742    i.Get_Month_Max_Day  menu.o
    0x08003daa   0x08003daa   0x00000002   PAD
    0x08003dac   0x08003dac   0x0000018c   Code   RO         3699    i.HAL_ADC_ConfigChannel  stm32f4xx_hal_adc.o
    0x08003f38   0x08003f38   0x00000008   Code   RO         3706    i.HAL_ADC_GetValue  stm32f4xx_hal_adc.o
    0x08003f40   0x08003f40   0x00000068   Code   RO         3708    i.HAL_ADC_Init      stm32f4xx_hal_adc.o
    0x08003fa8   0x08003fa8   0x00000002   Code   RO         3711    i.HAL_ADC_MspInit   stm32f4xx_hal_adc.o
    0x08003faa   0x08003faa   0x000000ce   Code   RO         3712    i.HAL_ADC_PollForConversion  stm32f4xx_hal_adc.o
    0x08004078   0x08004078   0x0000014c   Code   RO         3714    i.HAL_ADC_Start     stm32f4xx_hal_adc.o
    0x080041c4   0x080041c4   0x00000048   Code   RO         3717    i.HAL_ADC_Stop      stm32f4xx_hal_adc.o
    0x0800420c   0x0800420c   0x00000002   Code   RO         4256    i.HAL_DACEx_ConvCpltCallbackCh2  stm32f4xx_hal_dac_ex.o
    0x0800420e   0x0800420e   0x00000002   Code   RO         4257    i.HAL_DACEx_ConvHalfCpltCallbackCh2  stm32f4xx_hal_dac_ex.o
    0x08004210   0x08004210   0x00000002   Code   RO         4263    i.HAL_DACEx_ErrorCallbackCh2  stm32f4xx_hal_dac_ex.o
    0x08004212   0x08004212   0x00000062   Code   RO         4112    i.HAL_DAC_ConfigChannel  stm32f4xx_hal_dac.o
    0x08004274   0x08004274   0x00000002   Code   RO         4113    i.HAL_DAC_ConvCpltCallbackCh1  stm32f4xx_hal_dac.o
    0x08004276   0x08004276   0x00000002   Code   RO         4114    i.HAL_DAC_ConvHalfCpltCallbackCh1  stm32f4xx_hal_dac.o
    0x08004278   0x08004278   0x00000002   Code   RO         4117    i.HAL_DAC_ErrorCallbackCh1  stm32f4xx_hal_dac.o
    0x0800427a   0x0800427a   0x00000028   Code   RO         4122    i.HAL_DAC_Init      stm32f4xx_hal_dac.o
    0x080042a2   0x080042a2   0x00000002   Code   RO         4124    i.HAL_DAC_MspInit   stm32f4xx_hal_dac.o
    0x080042a4   0x080042a4   0x00000138   Code   RO         4127    i.HAL_DAC_Start_DMA  stm32f4xx_hal_dac.o
    0x080043dc   0x080043dc   0x0000005c   Code   RO         4129    i.HAL_DAC_Stop_DMA  stm32f4xx_hal_dac.o
    0x08004438   0x08004438   0x0000007c   Code   RO         4457    i.HAL_DMAEx_MultiBufferStart  stm32f4xx_hal_dma_ex.o
    0x080044b4   0x080044b4   0x000000ac   Code   RO         4352    i.HAL_DMA_Abort     stm32f4xx_hal_dma.o
    0x08004560   0x08004560   0x00000028   Code   RO         4353    i.HAL_DMA_Abort_IT  stm32f4xx_hal_dma.o
    0x08004588   0x08004588   0x00000070   Code   RO         4354    i.HAL_DMA_DeInit    stm32f4xx_hal_dma.o
    0x080045f8   0x080045f8   0x000000ec   Code   RO         4358    i.HAL_DMA_Init      stm32f4xx_hal_dma.o
    0x080046e4   0x080046e4   0x00000092   Code   RO         4362    i.HAL_DMA_Start_IT  stm32f4xx_hal_dma.o
    0x08004776   0x08004776   0x00000002   PAD
    0x08004778   0x08004778   0x00000028   Code   RO         3515    i.HAL_Delay         stm32f4xx_hal.o
    0x080047a0   0x080047a0   0x00000090   Code   RO          743    i.HAL_GPIO_EXTI_Callback  menu.o
    0x08004830   0x08004830   0x0000001c   Code   RO         4721    i.HAL_GPIO_EXTI_IRQHandler  stm32f4xx_hal_gpio.o
    0x0800484c   0x0800484c   0x000001f0   Code   RO         4722    i.HAL_GPIO_Init     stm32f4xx_hal_gpio.o
    0x08004a3c   0x08004a3c   0x00000010   Code   RO         4724    i.HAL_GPIO_ReadPin  stm32f4xx_hal_gpio.o
    0x08004a4c   0x08004a4c   0x0000000c   Code   RO         4726    i.HAL_GPIO_WritePin  stm32f4xx_hal_gpio.o
    0x08004a58   0x08004a58   0x0000000c   Code   RO         3521    i.HAL_GetTick       stm32f4xx_hal.o
    0x08004a64   0x08004a64   0x00000244   Code   RO         4974    i.HAL_I2SEx_FullDuplex_IRQHandler  stm32f4xx_hal_i2s_ex.o
    0x08004ca8   0x08004ca8   0x00000002   Code   RO         4978    i.HAL_I2SEx_TxRxCpltCallback  stm32f4xx_hal_i2s_ex.o
    0x08004caa   0x08004caa   0x00000002   Code   RO         4789    i.HAL_I2S_ErrorCallback  stm32f4xx_hal_i2s.o
    0x08004cac   0x08004cac   0x000001c8   Code   RO         4793    i.HAL_I2S_Init      stm32f4xx_hal_i2s.o
    0x08004e74   0x08004e74   0x000000a4   Code   RO         2414    i.HAL_I2S_MspInit   i2s.o
    0x08004f18   0x08004f18   0x00000002   Code   RO         4799    i.HAL_I2S_RxCpltCallback  stm32f4xx_hal_i2s.o
    0x08004f1a   0x08004f1a   0x00000002   Code   RO         4804    i.HAL_I2S_TxCpltCallback  stm32f4xx_hal_i2s.o
    0x08004f1c   0x08004f1c   0x00000018   Code   RO         3527    i.HAL_IncTick       stm32f4xx_hal.o
    0x08004f34   0x08004f34   0x0000003c   Code   RO         3528    i.HAL_Init          stm32f4xx_hal.o
    0x08004f70   0x08004f70   0x0000004c   Code   RO         3529    i.HAL_InitTick      stm32f4xx_hal.o
    0x08004fbc   0x08004fbc   0x00000048   Code   RO         8516    i.HAL_MspInit       stm32f4xx_hal_msp.o
    0x08005004   0x08005004   0x00000020   Code   RO         3974    i.HAL_NVIC_EnableIRQ  stm32f4xx_hal_cortex.o
    0x08005024   0x08005024   0x0000007c   Code   RO         3980    i.HAL_NVIC_SetPriority  stm32f4xx_hal_cortex.o
    0x080050a0   0x080050a0   0x00000028   Code   RO         3981    i.HAL_NVIC_SetPriorityGrouping  stm32f4xx_hal_cortex.o
    0x080050c8   0x080050c8   0x00000090   Code   RO         5347    i.HAL_RCCEx_GetPeriphCLKFreq  stm32f4xx_hal_rcc_ex.o
    0x08005158   0x08005158   0x000001a0   Code   RO         5348    i.HAL_RCCEx_PeriphCLKConfig  stm32f4xx_hal_rcc_ex.o
    0x080052f8   0x080052f8   0x00000184   Code   RO         5243    i.HAL_RCC_ClockConfig  stm32f4xx_hal_rcc.o
    0x0800547c   0x0800547c   0x0000000c   Code   RO         5248    i.HAL_RCC_GetHCLKFreq  stm32f4xx_hal_rcc.o
    0x08005488   0x08005488   0x00000020   Code   RO         5250    i.HAL_RCC_GetPCLK1Freq  stm32f4xx_hal_rcc.o
    0x080054a8   0x080054a8   0x00000020   Code   RO         5251    i.HAL_RCC_GetPCLK2Freq  stm32f4xx_hal_rcc.o
    0x080054c8   0x080054c8   0x000000b0   Code   RO         5252    i.HAL_RCC_GetSysClockFreq  stm32f4xx_hal_rcc.o
    0x08005578   0x08005578   0x0000049c   Code   RO         5255    i.HAL_RCC_OscConfig  stm32f4xx_hal_rcc.o
    0x08005a14   0x08005a14   0x00000074   Code   RO          419    i.HAL_RTCEx_AlarmBEventCallback  rtc.o
    0x08005a88   0x08005a88   0x00000012   Code   RO         5567    i.HAL_RTCEx_BKUPRead  stm32f4xx_hal_rtc_ex.o
    0x08005a9a   0x08005a9a   0x00000012   Code   RO         5568    i.HAL_RTCEx_BKUPWrite  stm32f4xx_hal_rtc_ex.o
    0x08005aac   0x08005aac   0x00000144   Code   RO         5594    i.HAL_RTCEx_SetWakeUpTimer_IT  stm32f4xx_hal_rtc_ex.o
    0x08005bf0   0x08005bf0   0x00000074   Code   RO          420    i.HAL_RTC_AlarmAEventCallback  rtc.o
    0x08005c64   0x08005c64   0x0000006c   Code   RO         5399    i.HAL_RTC_AlarmIRQHandler  stm32f4xx_hal_rtc.o
    0x08005cd0   0x08005cd0   0x0000009a   Code   RO         5407    i.HAL_RTC_GetAlarm  stm32f4xx_hal_rtc.o
    0x08005d6a   0x08005d6a   0x00000002   PAD
    0x08005d6c   0x08005d6c   0x0000004c   Code   RO         5408    i.HAL_RTC_GetDate   stm32f4xx_hal_rtc.o
    0x08005db8   0x08005db8   0x00000060   Code   RO         5410    i.HAL_RTC_GetTime   stm32f4xx_hal_rtc.o
    0x08005e18   0x08005e18   0x000000d8   Code   RO         5411    i.HAL_RTC_Init      stm32f4xx_hal_rtc.o
    0x08005ef0   0x08005ef0   0x0000004c   Code   RO         8518    i.HAL_RTC_MspInit   stm32f4xx_hal_msp.o
    0x08005f3c   0x08005f3c   0x00000208   Code   RO         5416    i.HAL_RTC_SetAlarm_IT  stm32f4xx_hal_rtc.o
    0x08006144   0x08006144   0x00000104   Code   RO         5417    i.HAL_RTC_SetDate   stm32f4xx_hal_rtc.o
    0x08006248   0x08006248   0x0000012c   Code   RO         5418    i.HAL_RTC_SetTime   stm32f4xx_hal_rtc.o
    0x08006374   0x08006374   0x0000003a   Code   RO         5419    i.HAL_RTC_WaitForSynchro  stm32f4xx_hal_rtc.o
    0x080063ae   0x080063ae   0x00000002   PAD
    0x080063b0   0x080063b0   0x000000c8   Code   RO         5797    i.HAL_SD_ConfigWideBusOperation  stm32f4xx_hal_sd.o
    0x08006478   0x08006478   0x000001c8   Code   RO         5802    i.HAL_SD_GetCardCSD  stm32f4xx_hal_sd.o
    0x08006640   0x08006640   0x00000026   Code   RO         5803    i.HAL_SD_GetCardInfo  stm32f4xx_hal_sd.o
    0x08006666   0x08006666   0x00000024   Code   RO         5804    i.HAL_SD_GetCardState  stm32f4xx_hal_sd.o
    0x0800668a   0x0800668a   0x0000003c   Code   RO         5809    i.HAL_SD_Init       stm32f4xx_hal_sd.o
    0x080066c6   0x080066c6   0x00000002   PAD
    0x080066c8   0x080066c8   0x000000ac   Code   RO         5810    i.HAL_SD_InitCard   stm32f4xx_hal_sd.o
    0x08006774   0x08006774   0x000000c0   Code   RO         2182    i.HAL_SD_MspInit    sdio_sdcard.o
    0x08006834   0x08006834   0x00000298   Code   RO         5813    i.HAL_SD_ReadBlocks  stm32f4xx_hal_sd.o
    0x08006acc   0x08006acc   0x00000230   Code   RO         5818    i.HAL_SD_WriteBlocks  stm32f4xx_hal_sd.o
    0x08006cfc   0x08006cfc   0x000000c8   Code   RO         6060    i.HAL_SPI_Init      stm32f4xx_hal_spi.o
    0x08006dc4   0x08006dc4   0x00000074   Code   RO         2365    i.HAL_SPI_MspInit   spi.o
    0x08006e38   0x08006e38   0x0000022a   Code   RO         6069    i.HAL_SPI_TransmitReceive  stm32f4xx_hal_spi.o
    0x08007062   0x08007062   0x00000058   Code   RO         6375    i.HAL_SRAM_Init     stm32f4xx_hal_sram.o
    0x080070ba   0x080070ba   0x00000002   PAD
    0x080070bc   0x080070bc   0x00000104   Code   RO          511    i.HAL_SRAM_MspInit  lcd.o
    0x080071c0   0x080071c0   0x00000028   Code   RO         3983    i.HAL_SYSTICK_CLKSourceConfig  stm32f4xx_hal_cortex.o
    0x080071e8   0x080071e8   0x00000034   Code   RO         3985    i.HAL_SYSTICK_Config  stm32f4xx_hal_cortex.o
    0x0800721c   0x0800721c   0x000000b4   Code   RO         7227    i.HAL_TIMEx_MasterConfigSynchronization  stm32f4xx_hal_tim_ex.o
    0x080072d0   0x080072d0   0x00000066   Code   RO         6493    i.HAL_TIM_Base_Init  stm32f4xx_hal_tim.o
    0x08007336   0x08007336   0x00000002   Code   RO         6495    i.HAL_TIM_Base_MspInit  stm32f4xx_hal_tim.o
    0x08007338   0x08007338   0x0000009c   Code   RO         6496    i.HAL_TIM_Base_Start  stm32f4xx_hal_tim.o
    0x080073d4   0x080073d4   0x000000a8   Code   RO         6498    i.HAL_TIM_Base_Start_IT  stm32f4xx_hal_tim.o
    0x0800747c   0x0800747c   0x00000032   Code   RO         6499    i.HAL_TIM_Base_Stop  stm32f4xx_hal_tim.o
    0x080074ae   0x080074ae   0x0000003e   Code   RO         6501    i.HAL_TIM_Base_Stop_IT  stm32f4xx_hal_tim.o
    0x080074ec   0x080074ec   0x00000002   Code   RO         7486    i.HAL_UARTEx_RxEventCallback  stm32f4xx_hal_uart.o
    0x080074ee   0x080074ee   0x00000002   Code   RO         7500    i.HAL_UART_ErrorCallback  stm32f4xx_hal_uart.o
    0x080074f0   0x080074f0   0x00000014   Code   RO         7502    i.HAL_UART_GetState  stm32f4xx_hal_uart.o
    0x08007504   0x08007504   0x000002e0   Code   RO         7503    i.HAL_UART_IRQHandler  stm32f4xx_hal_uart.o
    0x080077e4   0x080077e4   0x00000072   Code   RO         7504    i.HAL_UART_Init     stm32f4xx_hal_uart.o
    0x08007856   0x08007856   0x00000002   PAD
    0x08007858   0x08007858   0x0000009c   Code   RO         1355    i.HAL_UART_MspInit  usart.o
    0x080078f4   0x080078f4   0x00000042   Code   RO         7509    i.HAL_UART_Receive_IT  stm32f4xx_hal_uart.o
    0x08007936   0x08007936   0x00000002   PAD
    0x08007938   0x08007938   0x00000088   Code   RO         1356    i.HAL_UART_RxCpltCallback  usart.o
    0x080079c0   0x080079c0   0x000000d2   Code   RO         7512    i.HAL_UART_Transmit  stm32f4xx_hal_uart.o
    0x08007a92   0x08007a92   0x00000002   Code   RO         7515    i.HAL_UART_TxCpltCallback  stm32f4xx_hal_uart.o
    0x08007a94   0x08007a94   0x00000004   Code   RO          319    i.HardFault_Handler  stm32f4xx_it.o
    0x08007a98   0x08007a98   0x0000005c   Code   RO         2415    i.I2S2_Init         i2s.o
    0x08007af4   0x08007af4   0x000000a8   Code   RO         2416    i.I2S2_SampleRate_Set  i2s.o
    0x08007b9c   0x08007b9c   0x00000118   Code   RO         2417    i.I2S2_TX_DMA_Init  i2s.o
    0x08007cb4   0x08007cb4   0x0000003a   Code   RO         4981    i.I2SEx_RxISR_I2S   stm32f4xx_hal_i2s_ex.o
    0x08007cee   0x08007cee   0x00000002   PAD
    0x08007cf0   0x08007cf0   0x0000006c   Code   RO         4982    i.I2SEx_RxISR_I2SExt  stm32f4xx_hal_i2s_ex.o
    0x08007d5c   0x08007d5c   0x00000038   Code   RO         4983    i.I2SEx_TxISR_I2S   stm32f4xx_hal_i2s_ex.o
    0x08007d94   0x08007d94   0x0000006c   Code   RO         4984    i.I2SEx_TxISR_I2SExt  stm32f4xx_hal_i2s_ex.o
    0x08007e00   0x08007e00   0x000000dc   Code   RO         4811    i.I2S_IRQHandler    stm32f4xx_hal_i2s.o
    0x08007edc   0x08007edc   0x00000018   Code   RO         2419    i.I2S_Play_Start    i2s.o
    0x08007ef4   0x08007ef4   0x00000018   Code   RO         2420    i.I2S_Play_Stop     i2s.o
    0x08007f0c   0x08007f0c   0x00000036   Code   RO         4812    i.I2S_Receive_IT    stm32f4xx_hal_i2s.o
    0x08007f42   0x08007f42   0x00000036   Code   RO         4813    i.I2S_Transmit_IT   stm32f4xx_hal_i2s.o
    0x08007f78   0x08007f78   0x0000005c   Code   RO         2628    i.IIC_Init          myiic.o
    0x08007fd4   0x08007fd4   0x00000068   Code   RO         2631    i.IIC_Send_Byte     myiic.o
    0x0800803c   0x0800803c   0x0000004c   Code   RO         2632    i.IIC_Start         myiic.o
    0x08008088   0x08008088   0x0000004c   Code   RO         2633    i.IIC_Stop          myiic.o
    0x080080d4   0x080080d4   0x00000060   Code   RO         2634    i.IIC_Wait_Ack      myiic.o
    0x08008134   0x08008134   0x000000cc   Code   RO          974    i.Init_ADC          adc.o
    0x08008200   0x08008200   0x00000036   Code   RO          744    i.Is_Leap_Year      menu.o
    0x08008236   0x08008236   0x00000002   PAD
    0x08008238   0x08008238   0x00000104   Code   RO          745    i.Key_Init          menu.o
    0x0800833c   0x0800833c   0x000000a0   Code   RO         1196    i.Key_Scan          tetrisgame.o
    0x080083dc   0x080083dc   0x00000050   Code   RO          975    i.LCD_Backlight_Init  adc.o
    0x0800842c   0x0800842c   0x00000034   Code   RO          513    i.LCD_Clear         lcd.o
    0x08008460   0x08008460   0x00000160   Code   RO          517    i.LCD_Display_Dir   lcd.o
    0x080085c0   0x080085c0   0x000000b0   Code   RO          518    i.LCD_DrawLine      lcd.o
    0x08008670   0x08008670   0x00000024   Code   RO          519    i.LCD_DrawPoint     lcd.o
    0x08008694   0x08008694   0x0000003c   Code   RO          520    i.LCD_DrawRectangle  lcd.o
    0x080086d0   0x080086d0   0x00000098   Code   RO          521    i.LCD_Draw_Circle   lcd.o
    0x08008768   0x08008768   0x0000010c   Code   RO          522    i.LCD_Fast_DrawPoint  lcd.o
    0x08008874   0x08008874   0x00000054   Code   RO          523    i.LCD_Fill          lcd.o
    0x080088c8   0x080088c8   0x00002468   Code   RO          524    i.LCD_Init          lcd.o
    0x0800ad30   0x0800ad30   0x00000016   Code   RO          525    i.LCD_Pow           lcd.o
    0x0800ad46   0x0800ad46   0x00000002   PAD
    0x0800ad48   0x0800ad48   0x00000980   Code   RO          421    i.LCD_RCT_Show      rtc.o
    0x0800b6c8   0x0800b6c8   0x00000014   Code   RO          526    i.LCD_RD_DATA       lcd.o
    0x0800b6dc   0x0800b6dc   0x00000060   Code   RO          529    i.LCD_SSD_BackLightSet  lcd.o
    0x0800b73c   0x0800b73c   0x00000274   Code   RO          530    i.LCD_Scan_Dir      lcd.o
    0x0800b9b0   0x0800b9b0   0x00000138   Code   RO          531    i.LCD_SetCursor     lcd.o
    0x0800bae8   0x0800bae8   0x0000013c   Code   RO          533    i.LCD_ShowChar      lcd.o
    0x0800bc24   0x0800bc24   0x00000094   Code   RO          534    i.LCD_ShowNum       lcd.o
    0x0800bcb8   0x0800bcb8   0x00000066   Code   RO          535    i.LCD_ShowString    lcd.o
    0x0800bd1e   0x0800bd1e   0x00000002   PAD
    0x0800bd20   0x0800bd20   0x000000e4   Code   RO          536    i.LCD_Show_Chinese  lcd.o
    0x0800be04   0x0800be04   0x00000018   Code   RO          538    i.LCD_WR_DATA       lcd.o
    0x0800be1c   0x0800be1c   0x00000018   Code   RO          539    i.LCD_WR_REG        lcd.o
    0x0800be34   0x0800be34   0x00000014   Code   RO          541    i.LCD_WriteRAM_Prepare  lcd.o
    0x0800be48   0x0800be48   0x00000014   Code   RO          542    i.LCD_WriteReg      lcd.o
    0x0800be5c   0x0800be5c   0x00000064   Code   RO         2789    i.MX_TIM7_Init      timer.o
    0x0800bec0   0x0800bec0   0x000000f0   Code   RO         2742    i.MX_USART3_UART_Init  usart3.o
    0x0800bfb0   0x0800bfb0   0x00000004   Code   RO          320    i.MemManage_Handler  stm32f4xx_it.o
    0x0800bfb4   0x0800bfb4   0x000001e0   Code   RO          746    i.Menu_ChangClockSetting  menu.o
    0x0800c194   0x0800c194   0x000000c8   Code   RO          747    i.Menu_ChangClock_Alarm_A_Main  menu.o
    0x0800c25c   0x0800c25c   0x000000c8   Code   RO          748    i.Menu_ChangClock_Alarm_B_Main  menu.o
    0x0800c324   0x0800c324   0x0000000c   Code   RO          749    i.Menu_ChangClock_WIFI  menu.o
    0x0800c330   0x0800c330   0x00000068   Code   RO          750    i.Menu_DrawADC      menu.o
    0x0800c398   0x0800c398   0x00000120   Code   RO          751    i.Menu_DrawClockMain  menu.o
    0x0800c4b8   0x0800c4b8   0x00000214   Code   RO          752    i.Menu_DrawClockSetting  menu.o
    0x0800c6cc   0x0800c6cc   0x000001f0   Code   RO          753    i.Menu_DrawClock_Alarm_A_Main  menu.o
    0x0800c8bc   0x0800c8bc   0x000001f0   Code   RO          754    i.Menu_DrawClock_Alarm_B_Main  menu.o
    0x0800caac   0x0800caac   0x000000b4   Code   RO          755    i.Menu_DrawClock_WIFI  menu.o
    0x0800cb60   0x0800cb60   0x00000184   Code   RO          756    i.Menu_DrawMain     menu.o
    0x0800cce4   0x0800cce4   0x000005b8   Code   RO          757    i.Menu_Update       menu.o
    0x0800d29c   0x0800d29c   0x00000004   Code   RO          321    i.NMI_Handler       stm32f4xx_it.o
    0x0800d2a0   0x0800d2a0   0x00000002   Code   RO          322    i.PendSV_Handler    stm32f4xx_it.o
    0x0800d2a2   0x0800d2a2   0x00000002   PAD
    0x0800d2a4   0x0800d2a4   0x00000010   Code   RO          323    i.RTC_Alarm_IRQHandler  stm32f4xx_it.o
    0x0800d2b4   0x0800d2b4   0x00000016   Code   RO         5420    i.RTC_Bcd2ToByte    stm32f4xx_hal_rtc.o
    0x0800d2ca   0x0800d2ca   0x0000001a   Code   RO         5421    i.RTC_ByteToBcd2    stm32f4xx_hal_rtc.o
    0x0800d2e4   0x0800d2e4   0x0000003e   Code   RO         5422    i.RTC_EnterInitMode  stm32f4xx_hal_rtc.o
    0x0800d322   0x0800d322   0x00000002   PAD
    0x0800d324   0x0800d324   0x00000114   Code   RO          422    i.RTC_Init          rtc.o
    0x0800d438   0x0800d438   0x00000060   Code   RO          423    i.RTC_Set_AlarmA    rtc.o
    0x0800d498   0x0800d498   0x00000060   Code   RO          424    i.RTC_Set_AlarmB    rtc.o
    0x0800d4f8   0x0800d4f8   0x00000034   Code   RO          425    i.RTC_Set_Date      rtc.o
    0x0800d52c   0x0800d52c   0x00000034   Code   RO          426    i.RTC_Set_Time      rtc.o
    0x0800d560   0x0800d560   0x00000034   Code   RO          976    i.Read_ADC          adc.o
    0x0800d594   0x0800d594   0x0000002c   Code   RO         8234    i.SDIO_ConfigData   stm32f4xx_ll_sdmmc.o
    0x0800d5c0   0x0800d5c0   0x00000008   Code   RO         8235    i.SDIO_GetCommandResponse  stm32f4xx_ll_sdmmc.o
    0x0800d5c8   0x0800d5c8   0x0000000a   Code   RO         8238    i.SDIO_GetPowerState  stm32f4xx_ll_sdmmc.o
    0x0800d5d2   0x0800d5d2   0x0000000c   Code   RO         8239    i.SDIO_GetResponse  stm32f4xx_ll_sdmmc.o
    0x0800d5de   0x0800d5de   0x00000034   Code   RO         8240    i.SDIO_Init         stm32f4xx_ll_sdmmc.o
    0x0800d612   0x0800d612   0x00000012   Code   RO         8242    i.SDIO_PowerState_ON  stm32f4xx_ll_sdmmc.o
    0x0800d624   0x0800d624   0x00000008   Code   RO         8243    i.SDIO_ReadFIFO     stm32f4xx_ll_sdmmc.o
    0x0800d62c   0x0800d62c   0x00000028   Code   RO         8244    i.SDIO_SendCommand  stm32f4xx_ll_sdmmc.o
    0x0800d654   0x0800d654   0x0000000c   Code   RO         8246    i.SDIO_WriteFIFO    stm32f4xx_ll_sdmmc.o
    0x0800d660   0x0800d660   0x00000038   Code   RO         8247    i.SDMMC_CmdAppCommand  stm32f4xx_ll_sdmmc.o
    0x0800d698   0x0800d698   0x0000003c   Code   RO         8248    i.SDMMC_CmdAppOperCommand  stm32f4xx_ll_sdmmc.o
    0x0800d6d4   0x0800d6d4   0x00000038   Code   RO         8249    i.SDMMC_CmdBlockLength  stm32f4xx_ll_sdmmc.o
    0x0800d70c   0x0800d70c   0x00000038   Code   RO         8250    i.SDMMC_CmdBusWidth  stm32f4xx_ll_sdmmc.o
    0x0800d744   0x0800d744   0x0000002c   Code   RO         8254    i.SDMMC_CmdGoIdleState  stm32f4xx_ll_sdmmc.o
    0x0800d770   0x0800d770   0x00000034   Code   RO         8256    i.SDMMC_CmdOperCond  stm32f4xx_ll_sdmmc.o
    0x0800d7a4   0x0800d7a4   0x00000038   Code   RO         8257    i.SDMMC_CmdReadMultiBlock  stm32f4xx_ll_sdmmc.o
    0x0800d7dc   0x0800d7dc   0x00000038   Code   RO         8258    i.SDMMC_CmdReadSingleBlock  stm32f4xx_ll_sdmmc.o
    0x0800d814   0x0800d814   0x0000003a   Code   RO         8261    i.SDMMC_CmdSelDesel  stm32f4xx_ll_sdmmc.o
    0x0800d84e   0x0800d84e   0x00000032   Code   RO         8262    i.SDMMC_CmdSendCID  stm32f4xx_ll_sdmmc.o
    0x0800d880   0x0800d880   0x00000032   Code   RO         8263    i.SDMMC_CmdSendCSD  stm32f4xx_ll_sdmmc.o
    0x0800d8b2   0x0800d8b2   0x00000038   Code   RO         8265    i.SDMMC_CmdSendSCR  stm32f4xx_ll_sdmmc.o
    0x0800d8ea   0x0800d8ea   0x00000038   Code   RO         8266    i.SDMMC_CmdSendStatus  stm32f4xx_ll_sdmmc.o
    0x0800d922   0x0800d922   0x00000038   Code   RO         8267    i.SDMMC_CmdSetRelAdd  stm32f4xx_ll_sdmmc.o
    0x0800d95a   0x0800d95a   0x00000002   PAD
    0x0800d95c   0x0800d95c   0x0000003c   Code   RO         8269    i.SDMMC_CmdStopTransfer  stm32f4xx_ll_sdmmc.o
    0x0800d998   0x0800d998   0x00000038   Code   RO         8271    i.SDMMC_CmdWriteMultiBlock  stm32f4xx_ll_sdmmc.o
    0x0800d9d0   0x0800d9d0   0x00000038   Code   RO         8272    i.SDMMC_CmdWriteSingleBlock  stm32f4xx_ll_sdmmc.o
    0x0800da08   0x0800da08   0x00000040   Code   RO         8273    i.SDMMC_GetCmdError  stm32f4xx_ll_sdmmc.o
    0x0800da48   0x0800da48   0x000001ac   Code   RO         8274    i.SDMMC_GetCmdResp1  stm32f4xx_ll_sdmmc.o
    0x0800dbf4   0x0800dbf4   0x00000064   Code   RO         8275    i.SDMMC_GetCmdResp2  stm32f4xx_ll_sdmmc.o
    0x0800dc58   0x0800dc58   0x00000058   Code   RO         8276    i.SDMMC_GetCmdResp3  stm32f4xx_ll_sdmmc.o
    0x0800dcb0   0x0800dcb0   0x000000b8   Code   RO         8277    i.SDMMC_GetCmdResp6  stm32f4xx_ll_sdmmc.o
    0x0800dd68   0x0800dd68   0x0000006c   Code   RO         8278    i.SDMMC_GetCmdResp7  stm32f4xx_ll_sdmmc.o
    0x0800ddd4   0x0800ddd4   0x00000142   Code   RO         5826    i.SD_FindSCR        stm32f4xx_hal_sd.o
    0x0800df16   0x0800df16   0x00000002   PAD
    0x0800df18   0x0800df18   0x00000018   Code   RO         2184    i.SD_GetCardState   sdio_sdcard.o
    0x0800df30   0x0800df30   0x00000050   Code   RO         2185    i.SD_Init           sdio_sdcard.o
    0x0800df80   0x0800df80   0x00000102   Code   RO         5827    i.SD_InitCard       stm32f4xx_hal_sd.o
    0x0800e082   0x0800e082   0x00000002   PAD
    0x0800e084   0x0800e084   0x000000cc   Code   RO         5829    i.SD_PowerON        stm32f4xx_hal_sd.o
    0x0800e150   0x0800e150   0x00000054   Code   RO         2186    i.SD_ReadDisk       sdio_sdcard.o
    0x0800e1a4   0x0800e1a4   0x00000030   Code   RO         5832    i.SD_SendStatus     stm32f4xx_hal_sd.o
    0x0800e1d4   0x0800e1d4   0x00000068   Code   RO         5833    i.SD_WideBus_Disable  stm32f4xx_hal_sd.o
    0x0800e23c   0x0800e23c   0x00000068   Code   RO         5834    i.SD_WideBus_Enable  stm32f4xx_hal_sd.o
    0x0800e2a4   0x0800e2a4   0x00000054   Code   RO         2187    i.SD_WriteDisk      sdio_sdcard.o
    0x0800e2f8   0x0800e2f8   0x00000058   Code   RO         2366    i.SPI1_Init         spi.o
    0x0800e350   0x0800e350   0x00000020   Code   RO         2367    i.SPI1_ReadWriteByte  spi.o
    0x0800e370   0x0800e370   0x00000048   Code   RO         2368    i.SPI1_SetSpeed     spi.o
    0x0800e3b8   0x0800e3b8   0x0000006c   Code   RO         6098    i.SPI_EndRxTxTransaction  stm32f4xx_hal_spi.o
    0x0800e424   0x0800e424   0x000000d8   Code   RO         6103    i.SPI_WaitFlagStateUntilTimeout  stm32f4xx_hal_spi.o
    0x0800e4fc   0x0800e4fc   0x000000de   Code   RO         8595    i.SRAM_GPIO_Set     XMRAM.lib(xmram.o)
    0x0800e5da   0x0800e5da   0x00000002   PAD
    0x0800e5dc   0x0800e5dc   0x00000168   Code   RO         2695    i.SRAM_Init         sram.o
    0x0800e744   0x0800e744   0x00000002   Code   RO          324    i.SVC_Handler       stm32f4xx_it.o
    0x0800e746   0x0800e746   0x00000002   PAD
    0x0800e748   0x0800e748   0x000000c8   Code   RO         3178    i.Show_Font         text.o
    0x0800e810   0x0800e810   0x000000c2   Code   RO         3179    i.Show_Str          text.o
    0x0800e8d2   0x0800e8d2   0x00000008   Code   RO          325    i.SysTick_Handler   stm32f4xx_it.o
    0x0800e8da   0x0800e8da   0x00000002   PAD
    0x0800e8dc   0x0800e8dc   0x000000b4   Code   RO            6    i.SystemClock_Config  main.o
    0x0800e990   0x0800e990   0x00000014   Code   RO         8560    i.SystemInit        system_stm32f4xx.o
    0x0800e9a4   0x0800e9a4   0x00000044   Code   RO         2910    i.TIM4_IRQHandler   usmart.o
    0x0800e9e8   0x0800e9e8   0x00000040   Code   RO         2790    i.TIM7_IRQHandler   timer.o
    0x0800ea28   0x0800ea28   0x000000d8   Code   RO         6586    i.TIM_Base_SetConfig  stm32f4xx_hal_tim.o
    0x0800eb00   0x0800eb00   0x00000060   Code   RO         2911    i.Timer4_Init       usmart.o
    0x0800eb60   0x0800eb60   0x00000014   Code   RO         7517    i.UART_DMAAbortOnError  stm32f4xx_hal_uart.o
    0x0800eb74   0x0800eb74   0x0000006c   Code   RO         7527    i.UART_EndRxTransfer  stm32f4xx_hal_uart.o
    0x0800ebe0   0x0800ebe0   0x00000020   Code   RO         7528    i.UART_EndTransmit_IT  stm32f4xx_hal_uart.o
    0x0800ec00   0x0800ec00   0x000000f8   Code   RO         7530    i.UART_Receive_IT   stm32f4xx_hal_uart.o
    0x0800ecf8   0x0800ecf8   0x0000022c   Code   RO         7531    i.UART_SetConfig    stm32f4xx_hal_uart.o
    0x0800ef24   0x0800ef24   0x00000046   Code   RO         7533    i.UART_Start_Receive_IT  stm32f4xx_hal_uart.o
    0x0800ef6a   0x0800ef6a   0x00000060   Code   RO         7534    i.UART_Transmit_IT  stm32f4xx_hal_uart.o
    0x0800efca   0x0800efca   0x00000092   Code   RO         7535    i.UART_WaitOnFlagUntilTimeout  stm32f4xx_hal_uart.o
    0x0800f05c   0x0800f05c   0x00000040   Code   RO         1357    i.USART1_IRQHandler  usart.o
    0x0800f09c   0x0800f09c   0x0000007c   Code   RO         2743    i.USART3_IRQHandler  usart3.o
    0x0800f118   0x0800f118   0x00000004   Code   RO          326    i.UsageFault_Handler  stm32f4xx_it.o
    0x0800f11c   0x0800f11c   0x0000002c   Code   RO         2242    i.W25QXX_Erase_Chip  w25qxx.o
    0x0800f148   0x0800f148   0x00000058   Code   RO         2243    i.W25QXX_Erase_Sector  w25qxx.o
    0x0800f1a0   0x0800f1a0   0x0000009c   Code   RO         2244    i.W25QXX_Init       w25qxx.o
    0x0800f23c   0x0800f23c   0x00000064   Code   RO         2246    i.W25QXX_Read       w25qxx.o
    0x0800f2a0   0x0800f2a0   0x00000048   Code   RO         2247    i.W25QXX_ReadID     w25qxx.o
    0x0800f2e8   0x0800f2e8   0x00000050   Code   RO         2248    i.W25QXX_ReadSR     w25qxx.o
    0x0800f338   0x0800f338   0x00000014   Code   RO         2250    i.W25QXX_Wait_Busy  w25qxx.o
    0x0800f34c   0x0800f34c   0x000000d4   Code   RO         2251    i.W25QXX_Write      w25qxx.o
    0x0800f420   0x0800f420   0x00000020   Code   RO         2253    i.W25QXX_Write_Enable  w25qxx.o
    0x0800f440   0x0800f440   0x00000046   Code   RO         2254    i.W25QXX_Write_NoCheck  w25qxx.o
    0x0800f486   0x0800f486   0x00000002   PAD
    0x0800f488   0x0800f488   0x0000006c   Code   RO         2255    i.W25QXX_Write_Page  w25qxx.o
    0x0800f4f4   0x0800f4f4   0x00000040   Code   RO         2488    i.WM8978_ADDA_Cfg   wm8978.o
    0x0800f534   0x0800f534   0x00000036   Code   RO         2489    i.WM8978_AUX_Gain   wm8978.o
    0x0800f56a   0x0800f56a   0x0000002e   Code   RO         2496    i.WM8978_HPvol_Set  wm8978.o
    0x0800f598   0x0800f598   0x0000001c   Code   RO         2497    i.WM8978_I2S_Cfg    wm8978.o
    0x0800f5b4   0x0800f5b4   0x00000078   Code   RO         2498    i.WM8978_Init       wm8978.o
    0x0800f62c   0x0800f62c   0x00000066   Code   RO         2499    i.WM8978_Input_Cfg  wm8978.o
    0x0800f692   0x0800f692   0x00000036   Code   RO         2500    i.WM8978_LINEIN_Gain  wm8978.o
    0x0800f6c8   0x0800f6c8   0x0000002a   Code   RO         2502    i.WM8978_Output_Cfg  wm8978.o
    0x0800f6f2   0x0800f6f2   0x00000002   PAD
    0x0800f6f4   0x0800f6f4   0x00000010   Code   RO         2503    i.WM8978_Read_Reg   wm8978.o
    0x0800f704   0x0800f704   0x00000022   Code   RO         2504    i.WM8978_SPKvol_Set  wm8978.o
    0x0800f726   0x0800f726   0x00000002   PAD
    0x0800f728   0x0800f728   0x00000054   Code   RO         2505    i.WM8978_Write_Reg  wm8978.o
    0x0800f77c   0x0800f77c   0x00000030   Code   RO         8596    i.XmRamInit         XMRAM.lib(xmram.o)
    0x0800f7ac   0x0800f7ac   0x0000009e   Code   RO          427    i.Zeller            rtc.o
    0x0800f84a   0x0800f84a   0x00000030   Code   RO         9104    i.__ARM_fpclassify  m_wm.l(fpclassify.o)
    0x0800f87a   0x0800f87a   0x00000026   Code   RO         8984    i.__ARM_fpclassifyf  m_wm.l(fpclassifyf.o)
    0x0800f8a0   0x0800f8a0   0x0000000e   Code   RO         1043    i.__ARM_isnanf      dac_wave.o
    0x0800f8ae   0x0800f8ae   0x00000002   PAD
    0x0800f8b0   0x0800f8b0   0x00000010   Code   RO         3987    i.__NVIC_GetPriorityGrouping  stm32f4xx_hal_cortex.o
    0x0800f8c0   0x0800f8c0   0x00000028   Code   RO         3988    i.__NVIC_SetPriority  stm32f4xx_hal_cortex.o
    0x0800f8e8   0x0800f8e8   0x000000c8   Code   RO         8807    i.__hardfp_cos      m_wm.l(cos.o)
    0x0800f9b0   0x0800f9b0   0x000000c8   Code   RO         8819    i.__hardfp_sin      m_wm.l(sin.o)
    0x0800fa78   0x0800fa78   0x00000190   Code   RO         8831    i.__hardfp_sinf     m_wm.l(sinf.o)
    0x0800fc08   0x0800fc08   0x00000438   Code   RO         9000    i.__ieee754_rem_pio2  m_wm.l(rred.o)
    0x08010040   0x08010040   0x00000170   Code   RO         8967    i.__kernel_cos      m_wm.l(cos_i.o)
    0x080101b0   0x080101b0   0x000000f8   Code   RO         9106    i.__kernel_poly     m_wm.l(poly.o)
    0x080102a8   0x080102a8   0x00000130   Code   RO         9008    i.__kernel_sin      m_wm.l(sin_i.o)
    0x080103d8   0x080103d8   0x00000014   Code   RO         8971    i.__mathlib_dbl_infnan  m_wm.l(dunder.o)
    0x080103ec   0x080103ec   0x00000004   PAD
    0x080103f0   0x080103f0   0x00000020   Code   RO         8973    i.__mathlib_dbl_invalid  m_wm.l(dunder.o)
    0x08010410   0x08010410   0x00000020   Code   RO         8976    i.__mathlib_dbl_underflow  m_wm.l(dunder.o)
    0x08010430   0x08010430   0x00000006   Code   RO         8987    i.__mathlib_flt_infnan  m_wm.l(funder.o)
    0x08010436   0x08010436   0x00000002   PAD
    0x08010438   0x08010438   0x00000010   Code   RO         8989    i.__mathlib_flt_invalid  m_wm.l(funder.o)
    0x08010448   0x08010448   0x00000010   Code   RO         8992    i.__mathlib_flt_underflow  m_wm.l(funder.o)
    0x08010458   0x08010458   0x00000154   Code   RO         9005    i.__mathlib_rredf2  m_wm.l(rredf.o)
    0x080105ac   0x080105ac   0x0000000e   Code   RO         8734    i._is_digit         c_w.l(__printf_wp.o)
    0x080105ba   0x080105ba   0x00000004   Code   RO         1358    i._sys_exit         usart.o
    0x080105be   0x080105be   0x00000002   PAD
    0x080105c0   0x080105c0   0x00000078   Code   RO         8597    i.addr_out          XMRAM.lib(xmram.o)
    0x08010638   0x08010638   0x0000003c   Code   RO         3355    i.atk_rm04_at_response  common.o
    0x08010674   0x08010674   0x00000034   Code   RO         3356    i.atk_rm04_check_cmd  common.o
    0x080106a8   0x080106a8   0x00000060   Code   RO         3357    i.atk_rm04_consta_check  common.o
    0x08010708   0x08010708   0x0000005c   Code   RO         3358    i.atk_rm04_get_wanip  common.o
    0x08010764   0x08010764   0x00000050   Code   RO         3359    i.atk_rm04_get_wifista_state  common.o
    0x080107b4   0x080107b4   0x00000068   Code   RO         3360    i.atk_rm04_init     common.o
    0x0801081c   0x0801081c   0x00000264   Code   RO         3361    i.atk_rm04_msg_show  common.o
    0x08010a80   0x08010a80   0x0000010c   Code   RO         3362    i.atk_rm04_mtest_ui  common.o
    0x08010b8c   0x08010b8c   0x00000024   Code   RO         3363    i.atk_rm04_quit_trans  common.o
    0x08010bb0   0x08010bb0   0x0000005c   Code   RO         3364    i.atk_rm04_send_cmd  common.o
    0x08010c0c   0x08010c0c   0x000000f0   Code   RO         3365    i.atk_rm04_test     common.o
    0x08010cfc   0x08010cfc   0x00000624   Code   RO         3453    i.atk_rm04_wifiap_test  wifiap.o
    0x08011320   0x08011320   0x000000f0   Code   RO         3366    i.atk_rm04_wificonf_show  common.o
    0x08011410   0x08011410   0x00000680   Code   RO         3483    i.atk_rm04_wifista_test  wifista.o
    0x08011a90   0x08011a90   0x00000064   Code   RO         3232    i.audio_play_song   audioplay.o
    0x08011af4   0x08011af4   0x00000014   Code   RO         3233    i.audio_start       audioplay.o
    0x08011b08   0x08011b08   0x00000014   Code   RO         3234    i.audio_stop        audioplay.o
    0x08011b1c   0x08011b1c   0x00000088   Code   RO         1493    i.change_bitmap     ff.o
    0x08011ba4   0x08011ba4   0x0000001a   Code   RO         1905    i.char_upper        exfuns.o
    0x08011bbe   0x08011bbe   0x00000002   PAD
    0x08011bc0   0x08011bc0   0x0000005c   Code   RO         1197    i.checkCollision    tetrisgame.o
    0x08011c1c   0x08011c1c   0x00000084   Code   RO         1494    i.check_fs          ff.o
    0x08011ca0   0x08011ca0   0x00000014   Code   RO         1495    i.chk_chr           ff.o
    0x08011cb4   0x08011cb4   0x00000080   Code   RO         1198    i.clearLines        tetrisgame.o
    0x08011d34   0x08011d34   0x00000062   Code   RO         1496    i.clmt_clust        ff.o
    0x08011d96   0x08011d96   0x0000001a   Code   RO         1497    i.clust2sect        ff.o
    0x08011db0   0x08011db0   0x00000098   Code   RO         1498    i.cmp_lfn           ff.o
    0x08011e48   0x08011e48   0x0000015e   Code   RO         1499    i.create_chain      ff.o
    0x08011fa6   0x08011fa6   0x00000002   PAD
    0x08011fa8   0x08011fa8   0x00000270   Code   RO         1500    i.create_name       ff.o
    0x08012218   0x08012218   0x00000090   Code   RO         1501    i.create_xdir       ff.o
    0x080122a8   0x080122a8   0x00000058   Code   RO         8598    i.dataout           XMRAM.lib(xmram.o)
    0x08012300   0x08012300   0x00000014   Code   RO         1271    i.delay_init        delay.o
    0x08012314   0x08012314   0x00000018   Code   RO         1272    i.delay_ms          delay.o
    0x0801232c   0x0801232c   0x00000048   Code   RO         1273    i.delay_us          delay.o
    0x08012374   0x08012374   0x0000007c   Code   RO         1502    i.dir_alloc         ff.o
    0x080123f0   0x080123f0   0x000001a0   Code   RO         1503    i.dir_find          ff.o
    0x08012590   0x08012590   0x00000120   Code   RO         1504    i.dir_next          ff.o
    0x080126b0   0x080126b0   0x00000104   Code   RO         1505    i.dir_read          ff.o
    0x080127b4   0x080127b4   0x0000020c   Code   RO         1506    i.dir_register      ff.o
    0x080129c0   0x080129c0   0x00000072   Code   RO         1507    i.dir_remove        ff.o
    0x08012a32   0x08012a32   0x000000aa   Code   RO         1508    i.dir_sdi           ff.o
    0x08012adc   0x08012adc   0x0000002c   Code   RO         1421    i.disk_initialize   diskio.o
    0x08012b08   0x08012b08   0x00000084   Code   RO         1422    i.disk_ioctl        diskio.o
    0x08012b8c   0x08012b8c   0x0000007a   Code   RO         1423    i.disk_read         diskio.o
    0x08012c06   0x08012c06   0x00000006   Code   RO         1424    i.disk_status       diskio.o
    0x08012c0c   0x08012c0c   0x0000007a   Code   RO         1425    i.disk_write        diskio.o
    0x08012c86   0x08012c86   0x00000002   PAD
    0x08012c88   0x08012c88   0x00000304   Code   RO          977    i.display_results   adc.o
    0x08012f8c   0x08012f8c   0x0000011c   Code   RO         1199    i.drawGame          tetrisgame.o
    0x080130a8   0x080130a8   0x00000084   Code   RO         1911    i.exfuns_init       exfuns.o
    0x0801312c   0x0801312c   0x00000026   Code   RO         1509    i.f_close           ff.o
    0x08013152   0x08013152   0x00000018   Code   RO         1510    i.f_closedir        ff.o
    0x0801316a   0x0801316a   0x00000166   Code   RO         1511    i.f_getfree         ff.o
    0x080132d0   0x080132d0   0x00000116   Code   RO         1512    i.f_getlabel        ff.o
    0x080133e6   0x080133e6   0x00000052   Code   RO         1513    i.f_gets            ff.o
    0x08013438   0x08013438   0x0000041a   Code   RO         1514    i.f_lseek           ff.o
    0x08013852   0x08013852   0x000001f4   Code   RO         1515    i.f_mkdir           ff.o
    0x08013a46   0x08013a46   0x00000002   PAD
    0x08013a48   0x08013a48   0x00000570   Code   RO         1516    i.f_mkfs            ff.o
    0x08013fb8   0x08013fb8   0x0000005c   Code   RO         1517    i.f_mount           ff.o
    0x08014014   0x08014014   0x000002bc   Code   RO         1518    i.f_open            ff.o
    0x080142d0   0x080142d0   0x000000e2   Code   RO         1519    i.f_opendir         ff.o
    0x080143b2   0x080143b2   0x00000040   Code   RO         1521    i.f_putc            ff.o
    0x080143f2   0x080143f2   0x0000004a   Code   RO         1522    i.f_puts            ff.o
    0x0801443c   0x0801443c   0x00000228   Code   RO         1523    i.f_read            ff.o
    0x08014664   0x08014664   0x0000007a   Code   RO         1524    i.f_readdir         ff.o
    0x080146de   0x080146de   0x000001b6   Code   RO         1525    i.f_rename          ff.o
    0x08014894   0x08014894   0x00000268   Code   RO         1526    i.f_setlabel        ff.o
    0x08014afc   0x08014afc   0x0000018e   Code   RO         1528    i.f_sync            ff.o
    0x08014c8a   0x08014c8a   0x00000002   PAD
    0x08014c8c   0x08014c8c   0x000000b0   Code   RO         1912    i.f_typetell        exfuns.o
    0x08014d3c   0x08014d3c   0x0000012c   Code   RO         1530    i.f_unlink          ff.o
    0x08014e68   0x08014e68   0x00000292   Code   RO         1531    i.f_write           ff.o
    0x080150fa   0x080150fa   0x00000018   Code   RO         9100    i.fabs              m_wm.l(fabs.o)
    0x08015112   0x08015112   0x00000002   PAD
    0x08015114   0x08015114   0x00000098   Code   RO         2151    i.ff_convert        mycc936.o
    0x080151ac   0x080151ac   0x0000000e   Code   RO         1426    i.ff_memalloc       diskio.o
    0x080151ba   0x080151ba   0x0000000e   Code   RO         1427    i.ff_memfree        diskio.o
    0x080151c8   0x080151c8   0x00000038   Code   RO         2152    i.ff_wtoupper       mycc936.o
    0x08015200   0x08015200   0x00000036   Code   RO         1532    i.fill_fat_chain    ff.o
    0x08015236   0x08015236   0x000000a4   Code   RO         1533    i.find_bitmap       ff.o
    0x080152da   0x080152da   0x00000002   PAD
    0x080152dc   0x080152dc   0x00000458   Code   RO         1534    i.find_volume       ff.o
    0x08015734   0x08015734   0x000000e4   Code   RO         1535    i.follow_path       ff.o
    0x08015818   0x08015818   0x0000001c   Code   RO         1359    i.fputc             usart.o
    0x08015834   0x08015834   0x000000cc   Code   RO         1536    i.gen_numname       ff.o
    0x08015900   0x08015900   0x0000017a   Code   RO         1537    i.get_fat           ff.o
    0x08015a7a   0x08015a7a   0x00000004   Code   RO         1428    i.get_fattime       diskio.o
    0x08015a7e   0x08015a7e   0x00000162   Code   RO         1538    i.get_fileinfo      ff.o
    0x08015be0   0x08015be0   0x0000004a   Code   RO         1539    i.get_ldnumber      ff.o
    0x08015c2a   0x08015c2a   0x000000bc   Code   RO         1540    i.get_xdir_info     ff.o
    0x08015ce6   0x08015ce6   0x00000002   PAD
    0x08015ce8   0x08015ce8   0x00000268   Code   RO          978    i.identify_waveform  adc.o
    0x08015f50   0x08015f50   0x00000026   Code   RO         1541    i.ld_clust          ff.o
    0x08015f76   0x08015f76   0x00000018   Code   RO         1542    i.ld_dword          ff.o
    0x08015f8e   0x08015f8e   0x00000062   Code   RO         1543    i.ld_qword          ff.o
    0x08015ff0   0x08015ff0   0x0000000c   Code   RO         1544    i.ld_word           ff.o
    0x08015ffc   0x08015ffc   0x0000003c   Code   RO         1545    i.load_obj_dir      ff.o
    0x08016038   0x08016038   0x000000dc   Code   RO         1546    i.load_xdir         ff.o
    0x08016114   0x08016114   0x00000050   Code   RO         1200    i.lockBlock         tetrisgame.o
    0x08016164   0x08016164   0x000000bc   Code   RO            7    i.main              main.o
    0x08016220   0x08016220   0x00000024   Code   RO         1547    i.mem_cmp           ff.o
    0x08016244   0x08016244   0x0000001a   Code   RO         1548    i.mem_cpy           ff.o
    0x0801625e   0x0801625e   0x00000012   Code   RO         1549    i.mem_set           ff.o
    0x08016270   0x08016270   0x00000014   Code   RO         1993    i.mf_close          fattester.o
    0x08016284   0x08016284   0x00000010   Code   RO         1994    i.mf_closedir       fattester.o
    0x08016294   0x08016294   0x00000014   Code   RO         1995    i.mf_fmkfs          fattester.o
    0x080162a8   0x080162a8   0x00000084   Code   RO         1996    i.mf_getlabel       fattester.o
    0x0801632c   0x0801632c   0x0000004c   Code   RO         1997    i.mf_gets           fattester.o
    0x08016378   0x08016378   0x00000018   Code   RO         1998    i.mf_lseek          fattester.o
    0x08016390   0x08016390   0x0000000c   Code   RO         1999    i.mf_mkdir          fattester.o
    0x0801639c   0x0801639c   0x00000018   Code   RO         2000    i.mf_mount          fattester.o
    0x080163b4   0x080163b4   0x00000030   Code   RO         2001    i.mf_open           fattester.o
    0x080163e4   0x080163e4   0x00000014   Code   RO         2002    i.mf_opendir        fattester.o
    0x080163f8   0x080163f8   0x00000018   Code   RO         2003    i.mf_putc           fattester.o
    0x08016410   0x08016410   0x00000018   Code   RO         2004    i.mf_puts           fattester.o
    0x08016428   0x08016428   0x00000158   Code   RO         2005    i.mf_read           fattester.o
    0x08016580   0x08016580   0x000001c4   Code   RO         2006    i.mf_readdir        fattester.o
    0x08016744   0x08016744   0x00000010   Code   RO         2007    i.mf_rename         fattester.o
    0x08016754   0x08016754   0x00000060   Code   RO         2008    i.mf_scan_files     fattester.o
    0x080167b4   0x080167b4   0x0000005c   Code   RO         2009    i.mf_setlabel       fattester.o
    0x08016810   0x08016810   0x000000a8   Code   RO         2010    i.mf_showfree       fattester.o
    0x080168b8   0x080168b8   0x0000000c   Code   RO         2011    i.mf_size           fattester.o
    0x080168c4   0x080168c4   0x0000000c   Code   RO         2012    i.mf_tell           fattester.o
    0x080168d0   0x080168d0   0x0000000c   Code   RO         2013    i.mf_unlink         fattester.o
    0x080168dc   0x080168dc   0x000000b8   Code   RO         2014    i.mf_write          fattester.o
    0x08016994   0x08016994   0x00000034   Code   RO         1550    i.move_window       ff.o
    0x080169c8   0x080169c8   0x0000006c   Code   RO         2826    i.my_mem_free       malloc.o
    0x08016a34   0x08016a34   0x00000044   Code   RO         2827    i.my_mem_init       malloc.o
    0x08016a78   0x08016a78   0x000000a8   Code   RO         2828    i.my_mem_malloc     malloc.o
    0x08016b20   0x08016b20   0x00000040   Code   RO         2829    i.my_mem_perused    malloc.o
    0x08016b60   0x08016b60   0x00000024   Code   RO         2830    i.myfree            malloc.o
    0x08016b84   0x08016b84   0x00000028   Code   RO         2831    i.mymalloc          malloc.o
    0x08016bac   0x08016bac   0x00000014   Code   RO         2833    i.mymemset          malloc.o
    0x08016bc0   0x08016bc0   0x00000054   Code   RO         1201    i.newBlock          tetrisgame.o
    0x08016c14   0x08016c14   0x00000088   Code   RO         1551    i.pick_lfn          ff.o
    0x08016c9c   0x08016c9c   0x00000144   Code   RO         1552    i.put_fat           ff.o
    0x08016de0   0x08016de0   0x00000080   Code   RO         1553    i.put_lfn           ff.o
    0x08016e60   0x08016e60   0x00000044   Code   RO         1554    i.putc_bfd          ff.o
    0x08016ea4   0x08016ea4   0x00000006   Code   RO         2912    i.read_addr         usmart.o
    0x08016eaa   0x08016eaa   0x0000010a   Code   RO         1555    i.remove_chain      ff.o
    0x08016fb4   0x08016fb4   0x00000036   Code   RO         1202    i.rotateCW          tetrisgame.o
    0x08016fea   0x08016fea   0x00000002   PAD
    0x08016fec   0x08016fec   0x000000a0   Code   RO         8599    i.sram_init         XMRAM.lib(xmram.o)
    0x0801708c   0x0801708c   0x000001e0   Code   RO         8600    i.sram_reg_read     XMRAM.lib(xmram.o)
    0x0801726c   0x0801726c   0x000000e4   Code   RO         8601    i.sram_reg_write    XMRAM.lib(xmram.o)
    0x08017350   0x08017350   0x00000024   Code   RO         1556    i.st_clust          ff.o
    0x08017374   0x08017374   0x00000018   Code   RO         1557    i.st_dword          ff.o
    0x0801738c   0x0801738c   0x0000005c   Code   RO         1558    i.st_qword          ff.o
    0x080173e8   0x080173e8   0x0000000c   Code   RO         1559    i.st_word           ff.o
    0x080173f4   0x080173f4   0x0000006e   Code   RO         1560    i.store_xdir        ff.o
    0x08017462   0x08017462   0x00000020   Code   RO         1561    i.sum_sfn           ff.o
    0x08017482   0x08017482   0x00000002   PAD
    0x08017484   0x08017484   0x00000090   Code   RO         1562    i.sync_fs           ff.o
    0x08017514   0x08017514   0x00000052   Code   RO         1563    i.sync_window       ff.o
    0x08017566   0x08017566   0x00000002   PAD
    0x08017568   0x08017568   0x00000170   Code   RO         1203    i.tetrisGame        tetrisgame.o
    0x080176d8   0x080176d8   0x00000060   Code   RO         2744    i.u3_printf         usart3.o
    0x08017738   0x08017738   0x00000038   Code   RO         1360    i.uart_init         usart.o
    0x08017770   0x08017770   0x000000b0   Code   RO         2913    i.usmart_cmd_rec    usmart.o
    0x08017820   0x08017820   0x000002d4   Code   RO         2914    i.usmart_exe        usmart.o
    0x08017af4   0x08017af4   0x000000d4   Code   RO         3038    i.usmart_get_aparm  usmart_str.o
    0x08017bc8   0x08017bc8   0x00000036   Code   RO         3039    i.usmart_get_cmdname  usmart_str.o
    0x08017bfe   0x08017bfe   0x00000002   PAD
    0x08017c00   0x08017c00   0x000001c0   Code   RO         3040    i.usmart_get_fname  usmart_str.o
    0x08017dc0   0x08017dc0   0x0000010c   Code   RO         3041    i.usmart_get_fparam  usmart_str.o
    0x08017ecc   0x08017ecc   0x00000020   Code   RO         3042    i.usmart_get_parmpos  usmart_str.o
    0x08017eec   0x08017eec   0x00000044   Code   RO         2915    i.usmart_get_runtime  usmart.o
    0x08017f30   0x08017f30   0x00000028   Code   RO         2916    i.usmart_init       usmart.o
    0x08017f58   0x08017f58   0x00000016   Code   RO         3043    i.usmart_pow        usmart_str.o
    0x08017f6e   0x08017f6e   0x00000002   PAD
    0x08017f70   0x08017f70   0x00000034   Code   RO         2917    i.usmart_reset_runtime  usmart.o
    0x08017fa4   0x08017fa4   0x000000bc   Code   RO         2918    i.usmart_scan       usmart.o
    0x08018060   0x08018060   0x00000016   Code   RO         3044    i.usmart_search_nextc  usmart_str.o
    0x08018076   0x08018076   0x00000106   Code   RO         3045    i.usmart_str2num    usmart_str.o
    0x0801817c   0x0801817c   0x00000022   Code   RO         3046    i.usmart_strcmp     usmart_str.o
    0x0801819e   0x0801819e   0x00000016   Code   RO         3047    i.usmart_strcopy    usmart_str.o
    0x080181b4   0x080181b4   0x00000018   Code   RO         3048    i.usmart_strlen     usmart_str.o
    0x080181cc   0x080181cc   0x000006f4   Code   RO         2919    i.usmart_sys_cmd_exe  usmart.o
    0x080188c0   0x080188c0   0x00000042   Code   RO         1564    i.validate          ff.o
    0x08018902   0x08018902   0x00000002   PAD
    0x08018904   0x08018904   0x0000009c   Code   RO         3296    i.wav_buffill       wavplay.o
    0x080189a0   0x080189a0   0x00000140   Code   RO         3297    i.wav_decode_init   wavplay.o
    0x08018ae0   0x08018ae0   0x0000002c   Code   RO         3298    i.wav_i2s_dma_tx_callback  wavplay.o
    0x08018b0c   0x08018b0c   0x00000090   Code   RO         3299    i.wav_play_poll     wavplay.o
    0x08018b9c   0x08018b9c   0x0000012c   Code   RO         3300    i.wav_play_song     wavplay.o
    0x08018cc8   0x08018cc8   0x00000004   Code   RO         2920    i.write_addr        usmart.o
    0x08018ccc   0x08018ccc   0x0000003a   Code   RO         1565    i.xdir_sum          ff.o
    0x08018d06   0x08018d06   0x0000004c   Code   RO         1566    i.xname_sum         ff.o
    0x08018d52   0x08018d52   0x00000010   Code   RO         8602    i.xram_delay        XMRAM.lib(xmram.o)
    0x08018d62   0x08018d62   0x00000002   PAD
    0x08018d64   0x08018d64   0x0000002c   Code   RO         9086    locale$$code        c_w.l(lc_numeric_c.o)
    0x08018d90   0x08018d90   0x0000002c   Code   RO         9140    locale$$code        c_w.l(lc_ctype_c.o)
    0x08018dbc   0x08018dbc   0x00000018   Code   RO         8950    x$fpl$basic         fz_wm.l(basic.o)
    0x08018dd4   0x08018dd4   0x00000062   Code   RO         8779    x$fpl$d2f           fz_wm.l(d2f.o)
    0x08018e36   0x08018e36   0x00000002   PAD
    0x08018e38   0x08018e38   0x00000150   Code   RO         8781    x$fpl$dadd          fz_wm.l(daddsub_clz.o)
    0x08018f88   0x08018f88   0x000002b0   Code   RO         9091    x$fpl$ddiv          fz_wm.l(ddiv.o)
    0x08019238   0x08019238   0x0000005e   Code   RO         8787    x$fpl$dfix          fz_wm.l(dfix.o)
    0x08019296   0x08019296   0x00000002   PAD
    0x08019298   0x08019298   0x0000005a   Code   RO         8791    x$fpl$dfixu         fz_wm.l(dfixu.o)
    0x080192f2   0x080192f2   0x0000002e   Code   RO         8796    x$fpl$dflt          fz_wm.l(dflt_clz.o)
    0x08019320   0x08019320   0x00000026   Code   RO         8795    x$fpl$dfltu         fz_wm.l(dflt_clz.o)
    0x08019346   0x08019346   0x00000002   PAD
    0x08019348   0x08019348   0x00000154   Code   RO         8801    x$fpl$dmul          fz_wm.l(dmul.o)
    0x0801949c   0x0801949c   0x0000009c   Code   RO         8952    x$fpl$dnaninf       fz_wm.l(dnaninf.o)
    0x08019538   0x08019538   0x0000000c   Code   RO         8954    x$fpl$dretinf       fz_wm.l(dretinf.o)
    0x08019544   0x08019544   0x00000016   Code   RO         8782    x$fpl$drsb          fz_wm.l(daddsub_clz.o)
    0x0801955a   0x0801955a   0x00000002   PAD
    0x0801955c   0x0801955c   0x000001d4   Code   RO         8783    x$fpl$dsub          fz_wm.l(daddsub_clz.o)
    0x08019730   0x08019730   0x00000056   Code   RO         8803    x$fpl$f2d           fz_wm.l(f2d.o)
    0x08019786   0x08019786   0x0000008c   Code   RO         8956    x$fpl$fnaninf       fz_wm.l(fnaninf.o)
    0x08019812   0x08019812   0x0000000a   Code   RO         9094    x$fpl$fpinit        fz_wm.l(fpinit.o)
    0x0801981c   0x0801981c   0x0000000a   Code   RO         8958    x$fpl$fretinf       fz_wm.l(fretinf.o)
    0x08019826   0x08019826   0x00000004   Code   RO         8805    x$fpl$printf1       fz_wm.l(printf1.o)
    0x0801982a   0x0801982a   0x00000004   Code   RO         8960    x$fpl$printf2       fz_wm.l(printf2.o)
    0x0801982e   0x0801982e   0x00000000   Code   RO         8966    x$fpl$usenofp       fz_wm.l(usenofp.o)
    0x0801982e   0x0801982e   0x00004b20   Data   RO          545    .constdata          lcd.o
    0x0801e34e   0x0801e34e   0x00000070   Data   RO         1205    .constdata          tetrisgame.o
    0x0801e3be   0x0801e3be   0x0000004a   Data   RO         1567    .constdata          ff.o
    0x0801e408   0x0801e408   0x00000070   Data   RO         1914    .constdata          exfuns.o
    0x0801e478   0x0801e478   0x000003c0   Data   RO         2153    .constdata          mycc936.o
    0x0801e838   0x0801e838   0x0000006e   Data   RO         2422    .constdata          i2s.o
    0x0801e8a6   0x0801e8a6   0x00000002   PAD
    0x0801e8a8   0x0801e8a8   0x00000024   Data   RO         2840    .constdata          malloc.o
    0x0801e8cc   0x0801e8cc   0x00000008   Data   RO         4364    .constdata          stm32f4xx_hal_dma.o
    0x0801e8d4   0x0801e8d4   0x00000018   Data   RO         8561    .constdata          system_stm32f4xx.o
    0x0801e8ec   0x0801e8ec   0x00000028   Data   RO         8722    .constdata          c_w.l(_printf_hex_int_ll_ptr.o)
    0x0801e914   0x0801e914   0x00000011   Data   RO         8742    .constdata          c_w.l(__printf_flags_ss_wp.o)
    0x0801e925   0x0801e925   0x00000003   PAD
    0x0801e928   0x0801e928   0x00000008   Data   RO         8873    .constdata          c_w.l(_printf_wctomb.o)
    0x0801e930   0x0801e930   0x00000030   Data   RO         8968    .constdata          m_wm.l(cos_i.o)
    0x0801e960   0x0801e960   0x000000c8   Data   RO         9002    .constdata          m_wm.l(rred.o)
    0x0801ea28   0x0801ea28   0x00000020   Data   RO         9006    .constdata          m_wm.l(rredf.o)
    0x0801ea48   0x0801ea48   0x00000028   Data   RO         9009    .constdata          m_wm.l(sin_i.o)
    0x0801ea70   0x0801ea70   0x00000026   Data   RO         9044    .constdata          c_w.l(_printf_fp_hex.o)
    0x0801ea96   0x0801ea96   0x00000002   PAD
    0x0801ea98   0x0801ea98   0x00000094   Data   RO         9055    .constdata          c_w.l(bigflt0.o)
    0x0801eb2c   0x0801eb2c   0x00000048   Data   RO         1915    .conststring        exfuns.o
    0x0801eb74   0x0801eb74   0x00000028   Data   RO         2922    .conststring        usmart.o
    0x0801eb9c   0x0801eb9c   0x00000289   Data   RO         3010    .conststring        usmart_config.o
    0x0801ee25   0x0801ee25   0x00000003   PAD
    0x0801ee28   0x0801ee28   0x00000093   Data   RO         3367    .conststring        common.o
    0x0801eebb   0x0801eebb   0x00000001   PAD
    0x0801eebc   0x0801eebc   0x00000045   Data   RO         3454    .conststring        wifiap.o
    0x0801ef01   0x0801ef01   0x00000003   PAD
    0x0801ef04   0x0801ef04   0x00000020   Data   RO         9199    Region$$Table       anon$$obj.o
    0x0801ef24   0x0801ef24   0x0000001c   Data   RO         9085    locale$$data        c_w.l(lc_numeric_c.o)
    0x0801ef40   0x0801ef40   0x00000110   Data   RO         9139    locale$$data        c_w.l(lc_ctype_c.o)


    Execution Region RW_IRAM1 (Exec base: 0x20000000, Load base: 0x0801f050, Size: 0x0001fb20, Max: 0x00020000, ABSOLUTE, COMPRESSED[0x00000188])

    Exec Addr    Load Addr    Size         Type   Attr      Idx    E Section Name        Object

    0x20000000   COMPRESSED   0x00000020   Data   RW          429    .data               rtc.o
    0x20000020   COMPRESSED   0x00000008   Data   RW          546    .data               lcd.o
    0x20000028   COMPRESSED   0x00000034   Data   RW          758    .data               menu.o
    0x2000005c   COMPRESSED   0x00000001   Data   RW          892    .data               voice.o
    0x2000005d   COMPRESSED   0x00000003   PAD
    0x20000060   COMPRESSED   0x0000001c   Data   RW          980    .data               adc.o
    0x2000007c   COMPRESSED   0x00000026   Data   RW         1045    .data               dac_wave.o
    0x200000a2   COMPRESSED   0x00000002   PAD
    0x200000a4   COMPRESSED   0x00000014   Data   RW         1206    .data               tetrisgame.o
    0x200000b8   COMPRESSED   0x00000004   Data   RW         1274    .data               delay.o
    0x200000bc   COMPRESSED   0x00000007   Data   RW         1362    .data               usart.o
    0x200000c3   COMPRESSED   0x00000001   PAD
    0x200000c4   COMPRESSED   0x00000002   Data   RW         1429    .data               diskio.o
    0x200000c6   COMPRESSED   0x00000002   PAD
    0x200000c8   COMPRESSED   0x0000000a   Data   RW         1568    .data               ff.o
    0x200000d2   COMPRESSED   0x00000002   PAD
    0x200000d4   COMPRESSED   0x0000001c   Data   RW         1916    .data               exfuns.o
    0x200000f0   COMPRESSED   0x00000002   Data   RW         2258    .data               w25qxx.o
    0x200000f2   COMPRESSED   0x00000002   PAD
    0x200000f4   COMPRESSED   0x00000004   Data   RW         2423    .data               i2s.o
    0x200000f8   COMPRESSED   0x00000074   Data   RW         2506    .data               wm8978.o
    0x2000016c   COMPRESSED   0x00000002   Data   RW         2746    .data               usart3.o
    0x2000016e   COMPRESSED   0x00000002   PAD
    0x20000170   COMPRESSED   0x00000024   Data   RW         2841    .data               malloc.o
    0x20000194   COMPRESSED   0x0000001c   Data   RW         2923    .data               usmart.o
    0x200001b0   COMPRESSED   0x000001bc   Data   RW         3011    .data               usmart_config.o
    0x2000036c   COMPRESSED   0x00000008   Data   RW         3302    .data               wavplay.o
    0x20000374   COMPRESSED   0x0000003c   Data   RW         3368    .data               common.o
    0x200003b0   COMPRESSED   0x00000009   Data   RW         3535    .data               stm32f4xx_hal.o
    0x200003b9   COMPRESSED   0x00000003   PAD
    0x200003bc   COMPRESSED   0x00000004   Data   RW         8562    .data               system_stm32f4xx.o
    0x200003c0   COMPRESSED   0x0000000a   Data   RW         8603    .data               XMRAM.lib(xmram.o)
    0x200003ca   COMPRESSED   0x00000002   PAD
    0x200003cc        -       0x00000020   Zero   RW          428    .bss                rtc.o
    0x200003ec        -       0x0000005e   Zero   RW          544    .bss                lcd.o
    0x2000044a   COMPRESSED   0x00000002   PAD
    0x2000044c        -       0x00000648   Zero   RW          979    .bss                adc.o
    0x20000a94        -       0x000023dc   Zero   RW         1044    .bss                dac_wave.o
    0x20002e70        -       0x000000e4   Zero   RW         1204    .bss                tetrisgame.o
    0x20002f54        -       0x0000010c   Zero   RW         1361    .bss                usart.o
    0x20003060        -       0x00000168   Zero   RW         1913    .bss                exfuns.o
    0x200031c8        -       0x00000364   Zero   RW         2188    .bss                sdio_sdcard.o
    0x2000352c        -       0x00001000   Zero   RW         2257    .bss                w25qxx.o
    0x2000452c        -       0x00000058   Zero   RW         2369    .bss                spi.o
    0x20004584        -       0x000000a8   Zero   RW         2421    .bss                i2s.o
    0x2000462c        -       0x00000050   Zero   RW         2696    .bss                sram.o
    0x2000467c        -       0x00000364   Zero   RW         2745    .bss                usart3.o
    0x200049e0        -       0x00000048   Zero   RW         2791    .bss                timer.o
    0x20004a28   COMPRESSED   0x00000018   PAD
    0x20004a40        -       0x0001a900   Zero   RW         2839    .bss                malloc.o
    0x2001f340        -       0x00000048   Zero   RW         2921    .bss                usmart.o
    0x2001f388        -       0x00000021   Zero   RW         3126    .bss                fontupd.o
    0x2001f3a9        -       0x00000011   Zero   RW         3235    .bss                audioplay.o
    0x2001f3ba        -       0x00000020   Zero   RW         3301    .bss                wavplay.o
    0x2001f3da   COMPRESSED   0x00000002   PAD
    0x2001f3dc        -       0x000000e4   Zero   RW         8758    .bss                c_w.l(rand.o)
    0x2001f4c0        -       0x00000060   Zero   RW         9109    .bss                c_w.l(libspace.o)
    0x2001f520        -       0x00000200   Zero   RW         8550    HEAP                startup_stm32f407xx.o
    0x2001f720        -       0x00000400   Zero   RW         8549    STACK               startup_stm32f407xx.o



  Load Region LR$$.ARM.__AT_0x10000000 (Base: 0x10000000, Size: 0x00000000, Max: 0x0000f000, ABSOLUTE)

    Execution Region ER$$.ARM.__AT_0x10000000 (Exec base: 0x10000000, Load base: 0x10000000, Size: 0x0000f000, Max: 0x0000f000, ABSOLUTE, UNINIT)

    Exec Addr    Load Addr    Size         Type   Attr      Idx    E Section Name        Object

    0x10000000        -       0x0000f000   Zero   RW         2835    .ARM.__AT_0x10000000  malloc.o



  Load Region LR$$.ARM.__AT_0x1000F000 (Base: 0x1000f000, Size: 0x00000000, Max: 0x00000f00, ABSOLUTE)

    Execution Region ER$$.ARM.__AT_0x1000F000 (Exec base: 0x1000f000, Load base: 0x1000f000, Size: 0x00000f00, Max: 0x00000f00, ABSOLUTE, UNINIT)

    Exec Addr    Load Addr    Size         Type   Attr      Idx    E Section Name        Object

    0x1000f000        -       0x00000f00   Zero   RW         2836    .ARM.__AT_0x1000F000  malloc.o



  Load Region LR$$.ARM.__AT_0x68000000 (Base: 0x68000000, Size: 0x00000000, Max: 0x000f0000, ABSOLUTE)

    Execution Region ER$$.ARM.__AT_0x68000000 (Exec base: 0x68000000, Load base: 0x68000000, Size: 0x000f0000, Max: 0x000f0000, ABSOLUTE, UNINIT)

    Exec Addr    Load Addr    Size         Type   Attr      Idx    E Section Name        Object

    0x68000000        -       0x000f0000   Zero   RW         2837    .ARM.__AT_0x68000000  malloc.o



  Load Region LR$$.ARM.__AT_0x680F0000 (Base: 0x680f0000, Size: 0x00000000, Max: 0x0000f000, ABSOLUTE)

    Execution Region ER$$.ARM.__AT_0x680F0000 (Exec base: 0x680f0000, Load base: 0x680f0000, Size: 0x0000f000, Max: 0x0000f000, ABSOLUTE, UNINIT)

    Exec Addr    Load Addr    Size         Type   Attr      Idx    E Section Name        Object

    0x680f0000        -       0x0000f000   Zero   RW         2838    .ARM.__AT_0x680F0000  malloc.o


==============================================================================

Image component sizes


      Code (inc. data)   RO Data    RW Data    ZI Data      Debug   Object Name

      1724        278          0         28       1608       4611   adc.o
       140         28          0          0         17       2864   audioplay.o
       276         58          0          0          0       2671   beep.o
      1972        552        147         60          0       8853   common.o
      4250        380          0         38       9180      13405   dac_wave.o
       116          8          0          4          0       1919   delay.o
       458          8          0          2          0       7348   diskio.o
        34          4          0          0          0       1577   eeprom.o
       334         22        184         28        360       3260   exfuns.o
      1828        850          0          0          0      13774   fattester.o
     16534        176         74         10          0      68280   ff.o
         0          0          0          0         33       1525   fontupd.o
       928         90        110          4        168       5364   i2s.o
     12720        216      19232          8         94      25116   lcd.o
       374         22          0          0          0     788876   main.o
       504         60         36         36    1218560       6694   malloc.o
      5372        508          0         52          0      14824   menu.o
       208         16        960          0          0       2079   mycc936.o
       444         70          0          0          0       3277   myiic.o
      3394        248          0         32         32       8128   rtc.o
       464         44          0          0        868       4541   sdio_sdcard.o
       308         30          0          0         88       2898   spi.o
       360         28          0          0         80       1543   sram.o
        64         26        392          0       1536        868   startup_stm32f407xx.o
       212         36          0          9          0       9869   stm32f4xx_hal.o
      1472         52          0          0          0       6883   stm32f4xx_hal_adc.o
       344         22          0          0          0      35085   stm32f4xx_hal_cortex.o
       608         24          0          0          0       8579   stm32f4xx_hal_dac.o
        64          0          0          0          0       4509   stm32f4xx_hal_dac_ex.o
       972         10          8          0          0       7194   stm32f4xx_hal_dma.o
       156          0          0          0          0       2353   stm32f4xx_hal_dma_ex.o
       552         48          0          0          0       3782   stm32f4xx_hal_gpio.o
       790         18          0          0          0       5741   stm32f4xx_hal_i2s.o
       912         26          0          0          0       5083   stm32f4xx_hal_i2s_ex.o
       148         14          0          0          0       2060   stm32f4xx_hal_msp.o
      1820         84          0          0          0       6064   stm32f4xx_hal_rcc.o
       560         38          0          0          0       2489   stm32f4xx_hal_rcc_ex.o
      1898         36          0          0          0      10713   stm32f4xx_hal_rtc.o
       360          8          0          0          0       3041   stm32f4xx_hal_rtc_ex.o
      3226         34          0          0          0      14276   stm32f4xx_hal_sd.o
      1078         14          0          0          0       5041   stm32f4xx_hal_spi.o
        88          0          0          0          0       1452   stm32f4xx_hal_sram.o
       756        106          0          0          0       5732   stm32f4xx_hal_tim.o
       180         30          0          0          0       1580   stm32f4xx_hal_tim_ex.o
      2428         14          0          0          0      14048   stm32f4xx_hal_uart.o
        90          6          0          0          0       7785   stm32f4xx_it.o
       232         10          0          0          0       3051   stm32f4xx_ll_fsmc.o
      2110         46          0          0          0      25839   stm32f4xx_ll_sdmmc.o
        16          0          0          0          0       2932   sys.o
        20          6         24          4          0       1467   system_stm32f4xx.o
      1250        104        112         20        228       7737   tetrisgame.o
       618         14          0          0          0       3535   text.o
       164         22          0          0         72       1781   timer.o
       444         54          0          7        268       5516   usart.o
       460         62          0          2        868       2881   usart3.o
      3202       1354         40         28         72       8015   usmart.o
         0          0        649        444          0       1672   usmart_config.o
      1400         20          0          0          0       9137   usmart_str.o
       136         50          0          1          0       3074   voice.o
       982        104          0          2       4096       7945   w25qxx.o
       964        114          0          8         32       5582   wavplay.o
      1572        582         69          0          0       1687   wifiap.o
      1664        558          0          0          0       1868   wifista.o
       644         10          0        116          0       7463   wm8978.o

    ----------------------------------------------------------------------
     87476       7452      22078        960    1238288    1258836   Object Totals
         0          0         32          0          0          0   (incl. Generated)
        78          0          9         17         28          0   (incl. Padding)

    ----------------------------------------------------------------------

      Code (inc. data)   RO Data    RW Data    ZI Data      Debug   Library Member Name

      1362        112          0         10          0     233034   xmram.o
        60          8          0          0          0         84   __0sscanf.o
        24          4          0          0          0         84   __2printf.o
        44          6          0          0          0         84   __2sprintf.o
        90          0          0          0          0          0   __dczerorl2.o
         8          0          0          0          0         68   __main.o
       392          4         17          0          0         92   __printf_flags_ss_wp.o
        14          0          0          0          0         68   __printf_wp.o
         0          0          0          0          0          0   __rtentry.o
        12          0          0          0          0          0   __rtentry2.o
         6          0          0          0          0          0   __rtentry4.o
        52          8          0          0          0          0   __scatter.o
        28          0          0          0          0          0   __scatter_zi.o
        28          0          0          0          0         68   _chval.o
         6          0          0          0          0          0   _printf_a.o
         6          0          0          0          0          0   _printf_c.o
        44          0          0          0          0        108   _printf_char.o
        48          6          0          0          0         96   _printf_char_common.o
        36          4          0          0          0         80   _printf_char_file.o
        40          0          0          0          0         68   _printf_charcount.o
         6          0          0          0          0          0   _printf_d.o
       120         16          0          0          0         92   _printf_dec.o
         6          0          0          0          0          0   _printf_e.o
         6          0          0          0          0          0   _printf_f.o
      1054          0          0          0          0        216   _printf_fp_dec.o
       764          8         38          0          0        100   _printf_fp_hex.o
       128         16          0          0          0         84   _printf_fp_infnan.o
         6          0          0          0          0          0   _printf_g.o
       148          4         40          0          0        160   _printf_hex_int_ll_ptr.o
         6          0          0          0          0          0   _printf_i.o
       178          0          0          0          0         88   _printf_intcommon.o
        10          0          0          0          0          0   _printf_l.o
         6          0          0          0          0          0   _printf_lc.o
        10          0          0          0          0          0   _printf_ll.o
         6          0          0          0          0          0   _printf_lld.o
         6          0          0          0          0          0   _printf_lli.o
         6          0          0          0          0          0   _printf_llo.o
         6          0          0          0          0          0   _printf_llu.o
         6          0          0          0          0          0   _printf_llx.o
       124         16          0          0          0         92   _printf_longlong_dec.o
         6          0          0          0          0          0   _printf_ls.o
         6          0          0          0          0          0   _printf_n.o
         6          0          0          0          0          0   _printf_o.o
       112         10          0          0          0        124   _printf_oct_int_ll.o
         6          0          0          0          0          0   _printf_p.o
        78          0          0          0          0        108   _printf_pad.o
         0          0          0          0          0          0   _printf_percent.o
         4          0          0          0          0          0   _printf_percent_end.o
         6          0          0          0          0          0   _printf_s.o
        82          0          0          0          0         80   _printf_str.o
        36          0          0          0          0         84   _printf_truncate.o
         6          0          0          0          0          0   _printf_u.o
        44          0          0          0          0        108   _printf_wchar.o
       188          6          8          0          0         92   _printf_wctomb.o
         6          0          0          0          0          0   _printf_x.o
        22          0          0          0          0        100   _rserrno.o
       884          6          0          0          0        100   _scanf.o
       332          0          0          0          0         96   _scanf_int.o
        64          0          0          0          0         84   _sgetc.o
        16          0          0          0          0         68   _snputc.o
        10          0          0          0          0         68   _sputc.o
        64          0          0          0          0         92   _wcrtomb.o
       228          4        148          0          0         96   bigflt0.o
      1936        128          0          0          0        672   btod.o
        18          0          0          0          0         80   exit.o
         8          0          0          0          0         68   ferror.o
         6          0          0          0          0        152   heapauxi.o
        18          0          0          0          0         76   isspace.o
        44         10        272          0          0         76   lc_ctype_c.o
        44         10         28          0          0         76   lc_numeric_c.o
         2          0          0          0          0          0   libinit.o
        38          0          0          0          0          0   libinit2.o
         2          0          0          0          0          0   libshutdown.o
         2          0          0          0          0          0   libshutdown2.o
         8          4          0          0         96         68   libspace.o
       138          0          0          0          0         80   lludiv10.o
       238          0          0          0          0        100   lludivv7m.o
       112         18          0          0        228        160   rand.o
        16          4          0          0          0         76   rt_ctype_table.o
         8          4          0          0          0         68   rt_errno_addr_intlibspace.o
         8          4          0          0          0         68   rt_locale_intlibspace.o
        78          0          0          0          0         80   rt_memclr_w.o
       138          0          0          0          0         68   rt_memcpy_v6.o
       100          0          0          0          0         80   rt_memcpy_w.o
         2          0          0          0          0          0   rtexit.o
        10          0          0          0          0          0   rtexit2.o
        44          8          0          0          0         84   scanf_char.o
       128          0          0          0          0         68   strcmpv7m.o
        72          0          0          0          0         80   strcpy.o
        62          0          0          0          0         76   strlen.o
        36          0          0          0          0         80   strstr.o
        74          0          0          0          0         80   sys_stackheap_outer.o
         2          0          0          0          0         68   use_no_semi.o
         2          0          0          0          0         68   use_no_semi_2.o
        52          4          0          0          0         80   vsnprintf.o
        24          0          0          0          0        164   basic.o
        98          4          0          0          0        140   d2f.o
       826         16          0          0          0        492   daddsub_clz.o
       688        140          0          0          0        256   ddiv.o
        94          4          0          0          0        140   dfix.o
        90          4          0          0          0        140   dfixu.o
        84          0          0          0          0        232   dflt_clz.o
       340         12          0          0          0        152   dmul.o
       156          4          0          0          0        140   dnaninf.o
        12          0          0          0          0        116   dretinf.o
        86          4          0          0          0        132   f2d.o
       140          4          0          0          0        132   fnaninf.o
        10          0          0          0          0        116   fpinit.o
        10          0          0          0          0        116   fretinf.o
         4          0          0          0          0        116   printf1.o
         4          0          0          0          0        116   printf2.o
         0          0          0          0          0          0   usenofp.o
       200         20          0          0          0        164   cos.o
       368         46         48          0          0        200   cos_i.o
        84         16          0          0          0        372   dunder.o
        24          0          0          0          0        124   fabs.o
        48          0          0          0          0        124   fpclassify.o
        38          0          0          0          0        116   fpclassifyf.o
        38         12          0          0          0        348   funder.o
       248          0          0          0          0        152   poly.o
      1080        142        200          0          0        188   rred.o
       340         24         32          0          0        160   rredf.o
       200         20          0          0          0        164   sin.o
       304         24         40          0          0        208   sin_i.o
       400         56          0          0          0        212   sinf.o

    ----------------------------------------------------------------------
     16626        984        876         12        324     244030   Library Totals
        34          0          5          2          0          0   (incl. Padding)

    ----------------------------------------------------------------------

      Code (inc. data)   RO Data    RW Data    ZI Data      Debug   Library Name

      1362        112          0         10          0     233034   XMRAM.lib
      9192        320        551          0        324       5764   c_w.l
      2666        192          0          0          0       2700   fz_wm.l
      3372        360        320          0          0       2532   m_wm.l

    ----------------------------------------------------------------------
     16626        984        876         12        324     244030   Library Totals

    ----------------------------------------------------------------------

==============================================================================


      Code (inc. data)   RO Data    RW Data    ZI Data      Debug   

    104102       8436      22954        972    1238612    1448090   Grand Totals
    104102       8436      22954        392    1238612    1448090   ELF Image Totals (compressed)
    104102       8436      22954        392          0          0   ROM Totals

==============================================================================

    Total RO  Size (Code + RO Data)               127056 ( 124.08kB)
    Total RW  Size (RW Data + ZI Data)           1239584 (1210.53kB)
    Total ROM Size (Code + RO Data + RW Data)     127448 ( 124.46kB)

==============================================================================

